Archive member included to satisfy reference by file (symbol)

c:/st/stm32cubeide_1.4.0/stm32cubeide/plugins/com.st.stm32cube.ide.mcu.externaltools.gnu-tools-for-stm32.7-2018-q2-update.win32_1.4.0.202007081208/tools/bin/../lib/gcc/arm-none-eabi/7.3.1/../../../../arm-none-eabi/lib/thumb/v6-m\libc_nano.a(lib_a-errno.o)
                              Core/Src/syscalls.o (__errno)
c:/st/stm32cubeide_1.4.0/stm32cubeide/plugins/com.st.stm32cube.ide.mcu.externaltools.gnu-tools-for-stm32.7-2018-q2-update.win32_1.4.0.202007081208/tools/bin/../lib/gcc/arm-none-eabi/7.3.1/../../../../arm-none-eabi/lib/thumb/v6-m\libc_nano.a(lib_a-exit.o)
                              c:/st/stm32cubeide_1.4.0/stm32cubeide/plugins/com.st.stm32cube.ide.mcu.externaltools.gnu-tools-for-stm32.7-2018-q2-update.win32_1.4.0.202007081208/tools/bin/../lib/gcc/arm-none-eabi/7.3.1/../../../../arm-none-eabi/lib/thumb/v6-m/crt0.o (exit)
c:/st/stm32cubeide_1.4.0/stm32cubeide/plugins/com.st.stm32cube.ide.mcu.externaltools.gnu-tools-for-stm32.7-2018-q2-update.win32_1.4.0.202007081208/tools/bin/../lib/gcc/arm-none-eabi/7.3.1/../../../../arm-none-eabi/lib/thumb/v6-m\libc_nano.a(lib_a-impure.o)
                              c:/st/stm32cubeide_1.4.0/stm32cubeide/plugins/com.st.stm32cube.ide.mcu.externaltools.gnu-tools-for-stm32.7-2018-q2-update.win32_1.4.0.202007081208/tools/bin/../lib/gcc/arm-none-eabi/7.3.1/../../../../arm-none-eabi/lib/thumb/v6-m\libc_nano.a(lib_a-exit.o) (_global_impure_ptr)
c:/st/stm32cubeide_1.4.0/stm32cubeide/plugins/com.st.stm32cube.ide.mcu.externaltools.gnu-tools-for-stm32.7-2018-q2-update.win32_1.4.0.202007081208/tools/bin/../lib/gcc/arm-none-eabi/7.3.1/../../../../arm-none-eabi/lib/thumb/v6-m\libc_nano.a(lib_a-init.o)
                              c:/st/stm32cubeide_1.4.0/stm32cubeide/plugins/com.st.stm32cube.ide.mcu.externaltools.gnu-tools-for-stm32.7-2018-q2-update.win32_1.4.0.202007081208/tools/bin/../lib/gcc/arm-none-eabi/7.3.1/../../../../arm-none-eabi/lib/thumb/v6-m/crt0.o (__libc_init_array)
c:/st/stm32cubeide_1.4.0/stm32cubeide/plugins/com.st.stm32cube.ide.mcu.externaltools.gnu-tools-for-stm32.7-2018-q2-update.win32_1.4.0.202007081208/tools/bin/../lib/gcc/arm-none-eabi/7.3.1/../../../../arm-none-eabi/lib/thumb/v6-m\libc_nano.a(lib_a-memcpy-stub.o)
                              Core/Src/lorawan.o (memcpy)
c:/st/stm32cubeide_1.4.0/stm32cubeide/plugins/com.st.stm32cube.ide.mcu.externaltools.gnu-tools-for-stm32.7-2018-q2-update.win32_1.4.0.202007081208/tools/bin/../lib/gcc/arm-none-eabi/7.3.1/../../../../arm-none-eabi/lib/thumb/v6-m\libc_nano.a(lib_a-memset.o)
                              c:/st/stm32cubeide_1.4.0/stm32cubeide/plugins/com.st.stm32cube.ide.mcu.externaltools.gnu-tools-for-stm32.7-2018-q2-update.win32_1.4.0.202007081208/tools/bin/../lib/gcc/arm-none-eabi/7.3.1/../../../../arm-none-eabi/lib/thumb/v6-m/crt0.o (memset)
c:/st/stm32cubeide_1.4.0/stm32cubeide/plugins/com.st.stm32cube.ide.mcu.externaltools.gnu-tools-for-stm32.7-2018-q2-update.win32_1.4.0.202007081208/tools/bin/../lib/gcc/arm-none-eabi/7.3.1/thumb/v6-m\libgcc.a(_udivsi3.o)
                              Core/Src/main.o (__aeabi_uidiv)
c:/st/stm32cubeide_1.4.0/stm32cubeide/plugins/com.st.stm32cube.ide.mcu.externaltools.gnu-tools-for-stm32.7-2018-q2-update.win32_1.4.0.202007081208/tools/bin/../lib/gcc/arm-none-eabi/7.3.1/thumb/v6-m\libgcc.a(_divsi3.o)
                              Core/Src/bme280.o (__aeabi_idiv)
c:/st/stm32cubeide_1.4.0/stm32cubeide/plugins/com.st.stm32cube.ide.mcu.externaltools.gnu-tools-for-stm32.7-2018-q2-update.win32_1.4.0.202007081208/tools/bin/../lib/gcc/arm-none-eabi/7.3.1/thumb/v6-m\libgcc.a(_dvmd_tls.o)
                              c:/st/stm32cubeide_1.4.0/stm32cubeide/plugins/com.st.stm32cube.ide.mcu.externaltools.gnu-tools-for-stm32.7-2018-q2-update.win32_1.4.0.202007081208/tools/bin/../lib/gcc/arm-none-eabi/7.3.1/thumb/v6-m\libgcc.a(_udivsi3.o) (__aeabi_idiv0)
c:/st/stm32cubeide_1.4.0/stm32cubeide/plugins/com.st.stm32cube.ide.mcu.externaltools.gnu-tools-for-stm32.7-2018-q2-update.win32_1.4.0.202007081208/tools/bin/../lib/gcc/arm-none-eabi/7.3.1/thumb/v6-m\libgcc.a(_arm_cmpdf2.o)
                              Core/Src/bme280.o (__aeabi_dcmplt)
c:/st/stm32cubeide_1.4.0/stm32cubeide/plugins/com.st.stm32cube.ide.mcu.externaltools.gnu-tools-for-stm32.7-2018-q2-update.win32_1.4.0.202007081208/tools/bin/../lib/gcc/arm-none-eabi/7.3.1/thumb/v6-m\libgcc.a(_aeabi_uldivmod.o)
                              Drivers/STM32L0xx_HAL_Driver/Src/stm32l0xx_ll_lpuart.o (__aeabi_uldivmod)
c:/st/stm32cubeide_1.4.0/stm32cubeide/plugins/com.st.stm32cube.ide.mcu.externaltools.gnu-tools-for-stm32.7-2018-q2-update.win32_1.4.0.202007081208/tools/bin/../lib/gcc/arm-none-eabi/7.3.1/thumb/v6-m\libgcc.a(_fixunsdfsi.o)
                              Core/Src/main.o (__aeabi_d2uiz)
[...]
Memory Configuration

Name             Origin             Length             Attributes
RAM              0x0000000020000000 0x0000000000000800 xrw
FLASH            0x0000000008000000 0x0000000000004000 xr
*default*        0x0000000000000000 0xffffffffffffffff

Linker script and memory map

LOAD c:/st/stm32cubeide_1.4.0/stm32cubeide/plugins/com.st.stm32cube.ide.mcu.externaltools.gnu-tools-for-stm32.7-2018-q2-update.win32_1.4.0.202007081208/tools/bin/../lib/gcc/arm-none-eabi/7.3.1/thumb/v6-m/crti.o
LOAD c:/st/stm32cubeide_1.4.0/stm32cubeide/plugins/com.st.stm32cube.ide.mcu.externaltools.gnu-tools-for-stm32.7-2018-q2-update.win32_1.4.0.202007081208/tools/bin/../lib/gcc/arm-none-eabi/7.3.1/thumb/v6-m/crtbegin.o
LOAD c:/st/stm32cubeide_1.4.0/stm32cubeide/plugins/com.st.stm32cube.ide.mcu.externaltools.gnu-tools-for-stm32.7-2018-q2-update.win32_1.4.0.202007081208/tools/bin/../lib/gcc/arm-none-eabi/7.3.1/../../../../arm-none-eabi/lib/thumb/v6-m/crt0.o
LOAD Core/Src/bme280.o
LOAD Core/Src/lorawan.o
LOAD Core/Src/main.o
LOAD Core/Src/rfm95.o
LOAD Core/Src/stm32l0xx_hal_msp.o
LOAD Core/Src/stm32l0xx_it.o
LOAD Core/Src/syscalls.o
LOAD Core/Src/sysmem.o
LOAD Core/Src/system_stm32l0xx.o
LOAD Core/Startup/startup_stm32l011k4tx.o
LOAD Drivers/STM32L0xx_HAL_Driver/Src/stm32l0xx_hal.o
LOAD Drivers/STM32L0xx_HAL_Driver/Src/stm32l0xx_hal_cortex.o
LOAD Drivers/STM32L0xx_HAL_Driver/Src/stm32l0xx_hal_dma.o
LOAD Drivers/STM32L0xx_HAL_Driver/Src/stm32l0xx_hal_flash.o
LOAD Drivers/STM32L0xx_HAL_Driver/Src/stm32l0xx_hal_flash_ex.o
LOAD Drivers/STM32L0xx_HAL_Driver/Src/stm32l0xx_hal_flash_ramfunc.o
LOAD Drivers/STM32L0xx_HAL_Driver/Src/stm32l0xx_hal_gpio.o
LOAD Drivers/STM32L0xx_HAL_Driver/Src/stm32l0xx_hal_i2c.o
LOAD Drivers/STM32L0xx_HAL_Driver/Src/stm32l0xx_hal_i2c_ex.o
LOAD Drivers/STM32L0xx_HAL_Driver/Src/stm32l0xx_hal_pwr.o
LOAD Drivers/STM32L0xx_HAL_Driver/Src/stm32l0xx_hal_pwr_ex.o
LOAD Drivers/STM32L0xx_HAL_Driver/Src/stm32l0xx_hal_rcc.o
LOAD Drivers/STM32L0xx_HAL_Driver/Src/stm32l0xx_hal_rcc_ex.o
LOAD Drivers/STM32L0xx_HAL_Driver/Src/stm32l0xx_hal_rtc.o
LOAD Drivers/STM32L0xx_HAL_Driver/Src/stm32l0xx_hal_rtc_ex.o
LOAD Drivers/STM32L0xx_HAL_Driver/Src/stm32l0xx_hal_tim.o
LOAD Drivers/STM32L0xx_HAL_Driver/Src/stm32l0xx_hal_tim_ex.o
LOAD Drivers/STM32L0xx_HAL_Driver/Src/stm32l0xx_ll_adc.o
LOAD Drivers/STM32L0xx_HAL_Driver/Src/stm32l0xx_ll_dma.o
LOAD Drivers/STM32L0xx_HAL_Driver/Src/stm32l0xx_ll_exti.o
LOAD Drivers/STM32L0xx_HAL_Driver/Src/stm32l0xx_ll_gpio.o
LOAD Drivers/STM32L0xx_HAL_Driver/Src/stm32l0xx_ll_lpuart.o
LOAD Drivers/STM32L0xx_HAL_Driver/Src/stm32l0xx_ll_rcc.o
LOAD Drivers/STM32L0xx_HAL_Driver/Src/stm32l0xx_ll_spi.o
LOAD Drivers/STM32L0xx_HAL_Driver/Src/stm32l0xx_ll_utils.o
START GROUP
LOAD c:/st/stm32cubeide_1.4.0/stm32cubeide/plugins/com.st.stm32cube.ide.mcu.externaltools.gnu-tools-for-stm32.7-2018-q2-update.win32_1.4.0.202007081208/tools/bin/../lib/gcc/arm-none-eabi/7.3.1/../../../../arm-none-eabi/lib/thumb/v6-m\libc_nano.a
LOAD c:/st/stm32cubeide_1.4.0/stm32cubeide/plugins/com.st.stm32cube.ide.mcu.externaltools.gnu-tools-for-stm32.7-2018-q2-update.win32_1.4.0.202007081208/tools/bin/../lib/gcc/arm-none-eabi/7.3.1/../../../../arm-none-eabi/lib/thumb/v6-m\libm.a
END GROUP
START GROUP
LOAD c:/st/stm32cubeide_1.4.0/stm32cubeide/plugins/com.st.stm32cube.ide.mcu.externaltools.gnu-tools-for-stm32.7-2018-q2-update.win32_1.4.0.202007081208/tools/bin/../lib/gcc/arm-none-eabi/7.3.1/thumb/v6-m\libgcc.a
LOAD c:/st/stm32cubeide_1.4.0/stm32cubeide/plugins/com.st.stm32cube.ide.mcu.externaltools.gnu-tools-for-stm32.7-2018-q2-update.win32_1.4.0.202007081208/tools/bin/../lib/gcc/arm-none-eabi/7.3.1/../../../../arm-none-eabi/lib/thumb/v6-m\libc_nano.a
END GROUP
START GROUP
LOAD c:/st/stm32cubeide_1.4.0/stm32cubeide/plugins/com.st.stm32cube.ide.mcu.externaltools.gnu-tools-for-stm32.7-2018-q2-update.win32_1.4.0.202007081208/tools/bin/../lib/gcc/arm-none-eabi/7.3.1/thumb/v6-m\libgcc.a
LOAD c:/st/stm32cubeide_1.4.0/stm32cubeide/plugins/com.st.stm32cube.ide.mcu.externaltools.gnu-tools-for-stm32.7-2018-q2-update.win32_1.4.0.202007081208/tools/bin/../lib/gcc/arm-none-eabi/7.3.1/../../../../arm-none-eabi/lib/thumb/v6-m\libc_nano.a
LOAD c:/st/stm32cubeide_1.4.0/stm32cubeide/plugins/com.st.stm32cube.ide.mcu.externaltools.gnu-tools-for-stm32.7-2018-q2-update.win32_1.4.0.202007081208/tools/bin/../lib/gcc/arm-none-eabi/7.3.1/../../../../arm-none-eabi/lib/thumb/v6-m\libnosys.a
END GROUP
START GROUP
LOAD c:/st/stm32cubeide_1.4.0/stm32cubeide/plugins/com.st.stm32cube.ide.mcu.externaltools.gnu-tools-for-stm32.7-2018-q2-update.win32_1.4.0.202007081208/tools/bin/../lib/gcc/arm-none-eabi/7.3.1/thumb/v6-m\libgcc.a
LOAD c:/st/stm32cubeide_1.4.0/stm32cubeide/plugins/com.st.stm32cube.ide.mcu.externaltools.gnu-tools-for-stm32.7-2018-q2-update.win32_1.4.0.202007081208/tools/bin/../lib/gcc/arm-none-eabi/7.3.1/../../../../arm-none-eabi/lib/thumb/v6-m\libc_nano.a
LOAD c:/st/stm32cubeide_1.4.0/stm32cubeide/plugins/com.st.stm32cube.ide.mcu.externaltools.gnu-tools-for-stm32.7-2018-q2-update.win32_1.4.0.202007081208/tools/bin/../lib/gcc/arm-none-eabi/7.3.1/../../../../arm-none-eabi/lib/thumb/v6-m\libnosys.a
END GROUP
LOAD c:/st/stm32cubeide_1.4.0/stm32cubeide/plugins/com.st.stm32cube.ide.mcu.externaltools.gnu-tools-for-stm32.7-2018-q2-update.win32_1.4.0.202007081208/tools/bin/../lib/gcc/arm-none-eabi/7.3.1/thumb/v6-m/crtend.o
LOAD c:/st/stm32cubeide_1.4.0/stm32cubeide/plugins/com.st.stm32cube.ide.mcu.externaltools.gnu-tools-for-stm32.7-2018-q2-update.win32_1.4.0.202007081208/tools/bin/../lib/gcc/arm-none-eabi/7.3.1/thumb/v6-m/crtn.o
                0x0000000020000800                _estack = (ORIGIN (RAM) + LENGTH (RAM))
                0x0000000000000200                _Min_Heap_Size = 0x200
                0x0000000000000400                _Min_Stack_Size = 0x400

.isr_vector     0x0000000008000000       0xc0
                0x0000000008000000                . = ALIGN (0x4)
 *(.isr_vector)
 .isr_vector    0x0000000008000000       0xc0 Core/Startup/startup_stm32l011k4tx.o
                0x0000000008000000                g_pfnVectors
                0x00000000080000c0                . = ALIGN (0x4)

.text           0x00000000080000c0     0x379c
                0x00000000080000c0                . = ALIGN (0x4)
 *(.text)
 .text          0x00000000080000c0       0x48 c:/st/stm32cubeide_1.4.0/stm32cubeide/plugins/com.st.stm32cube.ide.mcu.externaltools.gnu-tools-for-stm32.7-2018-q2-update.win32_1.4.0.202007081208/tools/bin/../lib/gcc/arm-none-eabi/7.3.1/thumb/v6-m/crtbegin.o
 .text          0x0000000008000108      0x114 c:/st/stm32cubeide_1.4.0/stm32cubeide/plugins/com.st.stm32cube.ide.mcu.externaltools.gnu-tools-for-stm32.7-2018-q2-update.win32_1.4.0.202007081208/tools/bin/../lib/gcc/arm-none-eabi/7.3.1/thumb/v6-m\libgcc.a(_udivsi3.o)
                0x0000000008000108                __aeabi_uidiv
                0x0000000008000108                __udivsi3
                0x0000000008000214                __aeabi_uidivmod
 .text          0x000000000800021c      0x1d4 c:/st/stm32cubeide_1.4.0/stm32cubeide/plugins/com.st.stm32cube.ide.mcu.externaltools.gnu-tools-for-stm32.7-2018-q2-update.win32_1.4.0.202007081208/tools/bin/../lib/gcc/arm-none-eabi/7.3.1/thumb/v6-m\libgcc.a(_divsi3.o)
                0x000000000800021c                __divsi3
                0x000000000800021c                __aeabi_idiv
                0x00000000080003e8                __aeabi_idivmod
 .text          0x00000000080003f0        0x4 c:/st/stm32cubeide_1.4.0/stm32cubeide/plugins/com.st.stm32cube.ide.mcu.externaltools.gnu-tools-for-stm32.7-2018-q2-update.win32_1.4.0.202007081208/tools/bin/../lib/gcc/arm-none-eabi/7.3.1/thumb/v6-m\libgcc.a(_dvmd_tls.o)
                0x00000000080003f0                __aeabi_idiv0
                0x00000000080003f0                __aeabi_ldiv0
 .text          0x00000000080003f4       0x40 c:/st/stm32cubeide_1.4.0/stm32cubeide/plugins/com.st.stm32cube.ide.mcu.externaltools.gnu-tools-for-stm32.7-2018-q2-update.win32_1.4.0.202007081208/tools/bin/../lib/gcc/arm-none-eabi/7.3.1/thumb/v6-m\libgcc.a(_aeabi_uldivmod.o)
                0x00000000080003f4                __aeabi_uldivmod
 .text          0x0000000008000434      0x184 c:/st/stm32cubeide_1.4.0/stm32cubeide/plugins/com.st.stm32cube.ide.mcu.externaltools.gnu-tools-for-stm32.7-2018-q2-update.win32_1.4.0.202007081208/tools/bin/../lib/gcc/arm-none-eabi/7.3.1/thumb/v6-m\libgcc.a(_udivmoddi4.o)
                0x0000000008000434                __udivmoddi4
 .text          0x00000000080005b8       0x3c c:/st/stm32cubeide_1.4.0/stm32cubeide/plugins/com.st.stm32cube.ide.mcu.externaltools.gnu-tools-for-stm32.7-2018-q2-update.win32_1.4.0.202007081208/tools/bin/../lib/gcc/arm-none-eabi/7.3.1/thumb/v6-m\libgcc.a(_clzsi2.o)
                0x00000000080005b8                __clzsi2
 .text          0x00000000080005f4       0x18 c:/st/stm32cubeide_1.4.0/stm32cubeide/plugins/com.st.stm32cube.ide.mcu.externaltools.gnu-tools-for-stm32.7-2018-q2-update.win32_1.4.0.202007081208/tools/bin/../lib/gcc/arm-none-eabi/7.3.1/thumb/v6-m\libgcc.a(_clzdi2.o)
                0x00000000080005f4                __clzdi2
 *(.text*)
 .text.bme280_init
                0x000000000800060c       0xd8 Core/Src/bme280.o
                0x000000000800060c                bme280_init
 .text.bme280_get_regs
                0x00000000080006e4       0x94 Core/Src/bme280.o
                0x00000000080006e4                bme280_get_regs
 .text.bme280_set_regs
                0x0000000008000778      0x12c Core/Src/bme280.o
                0x0000000008000778                bme280_set_regs
 .text.bme280_set_sensor_settings
                0x00000000080008a4       0xde Core/Src/bme280.o
                0x00000000080008a4                bme280_set_sensor_settings
 .text.bme280_get_sensor_mode
                0x0000000008000982       0x56 Core/Src/bme280.o
                0x0000000008000982                bme280_get_sensor_mode
 .text.bme280_soft_reset
                0x00000000080009d8       0xd0 Core/Src/bme280.o
                0x00000000080009d8                bme280_soft_reset
 .text.bme280_cal_meas_delay
                0x0000000008000aa8       0xf0 Core/Src/bme280.o
                0x0000000008000aa8                bme280_cal_meas_delay
 .text.set_osr_settings
                0x0000000008000b98       0x6c Core/Src/bme280.o
 .text.set_osr_humidity_settings
                0x0000000008000c04       0x92 Core/Src/bme280.o
 .text.set_osr_press_temp_settings
                0x0000000008000c96       0x98 Core/Src/bme280.o
 .text.set_filter_standby_settings
                0x0000000008000d2e       0x98 Core/Src/bme280.o
 .text.fill_filter_settings
                0x0000000008000dc6       0x36 Core/Src/bme280.o
 .text.fill_standby_settings
                0x0000000008000dfc       0x30 Core/Src/bme280.o
 .text.fill_osr_press_settings
                0x0000000008000e2c       0x36 Core/Src/bme280.o
 .text.fill_osr_temp_settings
                0x0000000008000e62       0x30 Core/Src/bme280.o
 .text.parse_device_settings
                0x0000000008000e92       0x64 Core/Src/bme280.o
 .text.put_device_to_sleep
                0x0000000008000ef6       0x78 Core/Src/bme280.o
 .text.reload_device_settings
                0x0000000008000f6e       0x4c Core/Src/bme280.o
 .text.get_calib_data
                0x0000000008000fba       0x9a Core/Src/bme280.o
 .text.interleave_reg_addr
                0x0000000008001054       0x6e Core/Src/bme280.o
 .text.parse_temp_press_calib_data
                0x00000000080010c2      0x15a Core/Src/bme280.o
 .text.parse_humidity_calib_data
                0x000000000800121c       0xb0 Core/Src/bme280.o
 .text.are_settings_changed
                0x00000000080012cc       0x4a Core/Src/bme280.o
 .text.null_ptr_check
                0x0000000008001316       0x48 Core/Src/bme280.o
 .text.lorawan_init
                0x000000000800135e       0x18 Core/Src/lorawan.o
                0x000000000800135e                lorawan_init
 .text.lorawan_set_keys
                0x0000000008001376       0x28 Core/Src/lorawan.o
                0x0000000008001376                lorawan_set_keys
 *fill*         0x000000000800139e        0x2 
 .text.LL_ADC_SetCommonFrequencyMode
                0x00000000080013a0       0x28 Core/Src/main.o
 .text.LL_ADC_SetCommonPathInternalCh
                0x00000000080013c8       0x28 Core/Src/main.o
 .text.LL_ADC_SetSamplingTimeCommonChannels
                0x00000000080013f0       0x24 Core/Src/main.o
 .text.LL_ADC_REG_SetSequencerScanDirection
                0x0000000008001414       0x24 Core/Src/main.o
 .text.LL_ADC_REG_SetSequencerChAdd
                0x0000000008001438       0x22 Core/Src/main.o
 .text.LL_ADC_SetOverSamplingScope
                0x000000000800145a       0x24 Core/Src/main.o
 *fill*         0x000000000800147e        0x2 
 .text.LL_ADC_EnableInternalRegulator
                0x0000000008001480       0x28 Core/Src/main.o
 .text.LL_ADC_DisableIT_EOC
                0x00000000080014a8       0x1e Core/Src/main.o
 .text.LL_ADC_DisableIT_EOS
                0x00000000080014c6       0x1e Core/Src/main.o
 .text.LL_LPUART_Enable
                0x00000000080014e4       0x1c Core/Src/main.o
 .text.LL_LPUART_Disable
                0x0000000008001500       0x1e Core/Src/main.o
 .text.LL_LPUART_IsActiveFlag_TC
                0x000000000800151e       0x20 Core/Src/main.o
 .text.LL_LPUART_IsActiveFlag_TXE
                0x000000000800153e       0x20 Core/Src/main.o
 .text.LL_LPUART_TransmitData8
                0x000000000800155e       0x1e Core/Src/main.o
 .text.LL_RCC_LSI_Enable
                0x000000000800157c       0x1c Core/Src/main.o
 .text.LL_RCC_LSI_IsReady
                0x0000000008001598       0x20 Core/Src/main.o
 .text.LL_RCC_MSI_Enable
                0x00000000080015b8       0x1c Core/Src/main.o
 .text.LL_RCC_MSI_IsReady
                0x00000000080015d4       0x28 Core/Src/main.o
 .text.LL_RCC_MSI_SetRange
                0x00000000080015fc       0x2c Core/Src/main.o
 .text.LL_RCC_MSI_SetCalibTrimming
                0x0000000008001628       0x28 Core/Src/main.o
 .text.LL_RCC_SetSysClkSource
                0x0000000008001650       0x28 Core/Src/main.o
 .text.LL_RCC_GetSysClkSource
                0x0000000008001678       0x18 Core/Src/main.o
 .text.LL_RCC_SetAHBPrescaler
                0x0000000008001690       0x28 Core/Src/main.o
 .text.LL_RCC_SetAPB1Prescaler
                0x00000000080016b8       0x2c Core/Src/main.o
 .text.LL_RCC_SetAPB2Prescaler
                0x00000000080016e4       0x2c Core/Src/main.o
 .text.LL_RCC_SetLPUARTClockSource
                0x0000000008001710       0x2c Core/Src/main.o
 .text.LL_RCC_SetRTCClockSource
                0x000000000800173c       0x2c Core/Src/main.o
 .text.LL_RCC_EnableRTC
                0x0000000008001768       0x1c Core/Src/main.o
 .text.LL_RCC_ForceBackupDomainReset
                0x0000000008001784       0x1c Core/Src/main.o
 .text.LL_RCC_ReleaseBackupDomainReset
                0x00000000080017a0       0x20 Core/Src/main.o
 .text.LL_APB1_GRP1_EnableClock
                0x00000000080017c0       0x2c Core/Src/main.o
 .text.LL_APB2_GRP1_EnableClock
                0x00000000080017ec       0x2c Core/Src/main.o
 .text.LL_IOP_GRP1_EnableClock
                0x0000000008001818       0x2c Core/Src/main.o
 .text.LL_FLASH_SetLatency
                0x0000000008001844       0x28 Core/Src/main.o
 .text.LL_FLASH_GetLatency
                0x000000000800186c       0x18 Core/Src/main.o
 .text.LL_PWR_SetRegulVoltageScaling
                0x0000000008001884       0x2c Core/Src/main.o
 .text.LL_PWR_EnableBkUpAccess
                0x00000000080018b0       0x1c Core/Src/main.o
 .text.LL_SPI_Enable
                0x00000000080018cc       0x1c Core/Src/main.o
 .text.LL_SPI_Disable
                0x00000000080018e8       0x1e Core/Src/main.o
 .text.LL_SPI_SetStandard
                0x0000000008001906       0x24 Core/Src/main.o
 .text.LL_SPI_IsActiveFlag_RXNE
                0x000000000800192a       0x22 Core/Src/main.o
 .text.LL_SPI_IsActiveFlag_TXE
                0x000000000800194c       0x22 Core/Src/main.o
 .text.LL_SPI_IsActiveFlag_BSY
                0x000000000800196e       0x22 Core/Src/main.o
 .text.LL_SPI_ReceiveData8
                0x0000000008001990       0x16 Core/Src/main.o
 .text.LL_SPI_TransmitData8
                0x00000000080019a6       0x24 Core/Src/main.o
 .text.LL_GPIO_IsInputPinSet
                0x00000000080019ca       0x24 Core/Src/main.o
 .text.LL_GPIO_SetOutputPin
                0x00000000080019ee       0x18 Core/Src/main.o
 .text.LL_GPIO_ResetOutputPin
                0x0000000008001a06       0x18 Core/Src/main.o
 *fill*         0x0000000008001a1e        0x2 
 .text.putstr   0x0000000008001a20       0x6c Core/Src/main.o
                0x0000000008001a20                putstr
 .text.putul    0x0000000008001a8c       0x7c Core/Src/main.o
                0x0000000008001a8c                putul
 .text.puthex   0x0000000008001b08       0x58 Core/Src/main.o
                0x0000000008001b08                puthex
 .text.duplexSpi
                0x0000000008001b60      0x100 Core/Src/main.o
                0x0000000008001b60                duplexSpi
 .text.readPin  0x0000000008001c60       0x3c Core/Src/main.o
                0x0000000008001c60                readPin
 .text.bme_setup
                0x0000000008001c9c       0xe4 Core/Src/main.o
                0x0000000008001c9c                bme_setup
 .text.rfm_setup
                0x0000000008001d80       0x94 Core/Src/main.o
                0x0000000008001d80                rfm_setup
 .text.main     0x0000000008001e14       0xfc Core/Src/main.o
                0x0000000008001e14                main
 .text.SystemClock_Config
                0x0000000008001f10       0xb0 Core/Src/main.o
                0x0000000008001f10                SystemClock_Config
 .text.MX_ADC_Init
                0x0000000008001fc0      0x12c Core/Src/main.o
 .text.MX_LPUART1_UART_Init
                0x00000000080020ec       0xd8 Core/Src/main.o
 .text.MX_RTC_Init
                0x00000000080021c4       0x68 Core/Src/main.o
 .text.MX_SPI1_Init
                0x000000000800222c      0x130 Core/Src/main.o
 .text.MX_GPIO_Init
                0x000000000800235c      0x118 Core/Src/main.o
 .text.Error_Handler
                0x0000000008002474        0xa Core/Src/main.o
                0x0000000008002474                Error_Handler
 *fill*         0x000000000800247e        0x2 
 .text.srand1   0x0000000008002480       0x28 Core/Src/rfm95.o
                0x0000000008002480                srand1
 .text.rfm95_freq
                0x00000000080024a8       0x4c Core/Src/rfm95.o
                0x00000000080024a8                rfm95_freq
 .text.rfm95_init
                0x00000000080024f4      0x148 Core/Src/rfm95.o
                0x00000000080024f4                rfm95_init
 .text.rfm95_write
                0x000000000800263c       0x3e Core/Src/rfm95.o
                0x000000000800263c                rfm95_write
 .text.rfm95_read
                0x000000000800267a       0x34 Core/Src/rfm95.o
                0x000000000800267a                rfm95_read
 *fill*         0x00000000080026ae        0x2 
 .text.HAL_MspInit
                0x00000000080026b0       0x28 Core/Src/stm32l0xx_hal_msp.o
                0x00000000080026b0                HAL_MspInit
 .text.HAL_RTC_MspInit
                0x00000000080026d8       0x40 Core/Src/stm32l0xx_hal_msp.o
                0x00000000080026d8                HAL_RTC_MspInit
 .text.NMI_Handler
                0x0000000008002718        0xa Core/Src/stm32l0xx_it.o
                0x0000000008002718                NMI_Handler
 .text.HardFault_Handler
                0x0000000008002722        0x6 Core/Src/stm32l0xx_it.o
                0x0000000008002722                HardFault_Handler
 .text.SVC_Handler
                0x0000000008002728        0xa Core/Src/stm32l0xx_it.o
                0x0000000008002728                SVC_Handler
 .text.PendSV_Handler
                0x0000000008002732        0xa Core/Src/stm32l0xx_it.o
                0x0000000008002732                PendSV_Handler
 .text.SysTick_Handler
                0x000000000800273c        0xe Core/Src/stm32l0xx_it.o
                0x000000000800273c                SysTick_Handler
 *fill*         0x000000000800274a        0x2 
 .text.RTC_IRQHandler
                0x000000000800274c       0x18 Core/Src/stm32l0xx_it.o
                0x000000000800274c                RTC_IRQHandler
 .text.SystemInit
                0x0000000008002764       0x7c Core/Src/system_stm32l0xx.o
                0x0000000008002764                SystemInit
 .text.Reset_Handler
                0x00000000080027e0       0x80 Core/Startup/startup_stm32l011k4tx.o
                0x00000000080027e0                Reset_Handler
 .text.Default_Handler
                0x0000000008002860        0x2 Core/Startup/startup_stm32l011k4tx.o
                0x0000000008002860                ADC1_COMP_IRQHandler
                0x0000000008002860                PVD_IRQHandler
                0x0000000008002860                I2C1_IRQHandler
                0x0000000008002860                SPI1_IRQHandler
                0x0000000008002860                EXTI2_3_IRQHandler
                0x0000000008002860                EXTI4_15_IRQHandler
                0x0000000008002860                RCC_IRQHandler
                0x0000000008002860                DMA1_Channel1_IRQHandler
                0x0000000008002860                Default_Handler
                0x0000000008002860                DMA1_Channel4_5_IRQHandler
                0x0000000008002860                EXTI0_1_IRQHandler
                0x0000000008002860                TIM21_IRQHandler
                0x0000000008002860                WWDG_IRQHandler
                0x0000000008002860                LPUART1_IRQHandler
                0x0000000008002860                TIM2_IRQHandler
                0x0000000008002860                DMA1_Channel2_3_IRQHandler
                0x0000000008002860                USART2_IRQHandler
                0x0000000008002860                FLASH_IRQHandler
                0x0000000008002860                LPTIM1_IRQHandler
 *fill*         0x0000000008002862        0x2 
 .text.HAL_Init
                0x0000000008002864       0x40 Drivers/STM32L0xx_HAL_Driver/Src/stm32l0xx_hal.o
                0x0000000008002864                HAL_Init
 .text.HAL_InitTick
                0x00000000080028a4       0x68 Drivers/STM32L0xx_HAL_Driver/Src/stm32l0xx_hal.o
                0x00000000080028a4                HAL_InitTick
 .text.HAL_IncTick
                0x000000000800290c       0x24 Drivers/STM32L0xx_HAL_Driver/Src/stm32l0xx_hal.o
                0x000000000800290c                HAL_IncTick
 .text.HAL_GetTick
                0x0000000008002930       0x14 Drivers/STM32L0xx_HAL_Driver/Src/stm32l0xx_hal.o
                0x0000000008002930                HAL_GetTick
 .text.NVIC_EnableIRQ
                0x0000000008002944       0x2c Drivers/STM32L0xx_HAL_Driver/Src/stm32l0xx_hal_cortex.o
 .text.NVIC_SetPriority
                0x0000000008002970       0xdc Drivers/STM32L0xx_HAL_Driver/Src/stm32l0xx_hal_cortex.o
 .text.SysTick_Config
                0x0000000008002a4c       0x48 Drivers/STM32L0xx_HAL_Driver/Src/stm32l0xx_hal_cortex.o
 .text.HAL_NVIC_SetPriority
                0x0000000008002a94       0x2a Drivers/STM32L0xx_HAL_Driver/Src/stm32l0xx_hal_cortex.o
                0x0000000008002a94                HAL_NVIC_SetPriority
 .text.HAL_NVIC_EnableIRQ
                0x0000000008002abe       0x20 Drivers/STM32L0xx_HAL_Driver/Src/stm32l0xx_hal_cortex.o
                0x0000000008002abe                HAL_NVIC_EnableIRQ
 .text.HAL_SYSTICK_Config
                0x0000000008002ade       0x1a Drivers/STM32L0xx_HAL_Driver/Src/stm32l0xx_hal_cortex.o
                0x0000000008002ade                HAL_SYSTICK_Config
 .text.HAL_RTC_Init
                0x0000000008002af8      0x13c Drivers/STM32L0xx_HAL_Driver/Src/stm32l0xx_hal_rtc.o
                0x0000000008002af8                HAL_RTC_Init
 .text.HAL_RTC_WaitForSynchro
                0x0000000008002c34       0x4e Drivers/STM32L0xx_HAL_Driver/Src/stm32l0xx_hal_rtc.o
                0x0000000008002c34                HAL_RTC_WaitForSynchro
 .text.RTC_EnterInitMode
                0x0000000008002c82       0x54 Drivers/STM32L0xx_HAL_Driver/Src/stm32l0xx_hal_rtc.o
                0x0000000008002c82                RTC_EnterInitMode
 *fill*         0x0000000008002cd6        0x2 
 .text.HAL_RTCEx_SetWakeUpTimer_IT
                0x0000000008002cd8      0x18c Drivers/STM32L0xx_HAL_Driver/Src/stm32l0xx_hal_rtc_ex.o
                0x0000000008002cd8                HAL_RTCEx_SetWakeUpTimer_IT
 .text.HAL_RTCEx_WakeUpTimerIRQHandler
                0x0000000008002e64       0x54 Drivers/STM32L0xx_HAL_Driver/Src/stm32l0xx_hal_rtc_ex.o
                0x0000000008002e64                HAL_RTCEx_WakeUpTimerIRQHandler
 .text.HAL_RTCEx_WakeUpTimerEventCallback
                0x0000000008002eb8       0x10 Drivers/STM32L0xx_HAL_Driver/Src/stm32l0xx_hal_rtc_ex.o
                0x0000000008002eb8                HAL_RTCEx_WakeUpTimerEventCallback
 .text.HAL_RTCEx_BKUPRead
                0x0000000008002ec8       0x28 Drivers/STM32L0xx_HAL_Driver/Src/stm32l0xx_hal_rtc_ex.o
                0x0000000008002ec8                HAL_RTCEx_BKUPRead
 .text.LL_ADC_IsEnabled
                0x0000000008002ef0       0x20 Drivers/STM32L0xx_HAL_Driver/Src/stm32l0xx_ll_adc.o
 .text.LL_ADC_Init
                0x0000000008002f10       0x6c Drivers/STM32L0xx_HAL_Driver/Src/stm32l0xx_ll_adc.o
                0x0000000008002f10                LL_ADC_Init
 .text.LL_ADC_REG_Init
                0x0000000008002f7c       0x64 Drivers/STM32L0xx_HAL_Driver/Src/stm32l0xx_ll_adc.o
                0x0000000008002f7c                LL_ADC_REG_Init
 .text.LL_GPIO_SetPinMode
                0x0000000008002fe0       0x3a Drivers/STM32L0xx_HAL_Driver/Src/stm32l0xx_ll_gpio.o
 .text.LL_GPIO_SetPinOutputType
                0x000000000800301a       0x2a Drivers/STM32L0xx_HAL_Driver/Src/stm32l0xx_ll_gpio.o
 .text.LL_GPIO_SetPinSpeed
                0x0000000008003044       0x3a Drivers/STM32L0xx_HAL_Driver/Src/stm32l0xx_ll_gpio.o
 .text.LL_GPIO_SetPinPull
                0x000000000800307e       0x3a Drivers/STM32L0xx_HAL_Driver/Src/stm32l0xx_ll_gpio.o
 .text.LL_GPIO_SetAFPin_0_7
                0x00000000080030b8       0x4a Drivers/STM32L0xx_HAL_Driver/Src/stm32l0xx_ll_gpio.o
 .text.LL_GPIO_SetAFPin_8_15
                0x0000000008003102       0x5a Drivers/STM32L0xx_HAL_Driver/Src/stm32l0xx_ll_gpio.o
 .text.LL_GPIO_Init
                0x000000000800315c       0xbc Drivers/STM32L0xx_HAL_Driver/Src/stm32l0xx_ll_gpio.o
                0x000000000800315c                LL_GPIO_Init
 .text.LL_LPUART_IsEnabled
                0x0000000008003218       0x20 Drivers/STM32L0xx_HAL_Driver/Src/stm32l0xx_ll_lpuart.o
 .text.LL_LPUART_SetStopBitsLength
                0x0000000008003238       0x28 Drivers/STM32L0xx_HAL_Driver/Src/stm32l0xx_ll_lpuart.o
 .text.LL_LPUART_SetHWFlowCtrl
                0x0000000008003260       0x28 Drivers/STM32L0xx_HAL_Driver/Src/stm32l0xx_ll_lpuart.o
 .text.LL_LPUART_SetBaudRate
                0x0000000008003288       0x52 Drivers/STM32L0xx_HAL_Driver/Src/stm32l0xx_ll_lpuart.o
 *fill*         0x00000000080032da        0x2 
 .text.LL_LPUART_Init
                0x00000000080032dc       0xa0 Drivers/STM32L0xx_HAL_Driver/Src/stm32l0xx_ll_lpuart.o
                0x00000000080032dc                LL_LPUART_Init
 .text.LL_RCC_HSI_IsReady
                0x000000000800337c       0x20 Drivers/STM32L0xx_HAL_Driver/Src/stm32l0xx_ll_rcc.o
 .text.LL_RCC_LSE_IsReady
                0x000000000800339c       0x28 Drivers/STM32L0xx_HAL_Driver/Src/stm32l0xx_ll_rcc.o
 .text.LL_RCC_MSI_GetRange
                0x00000000080033c4       0x18 Drivers/STM32L0xx_HAL_Driver/Src/stm32l0xx_ll_rcc.o
 .text.LL_RCC_GetSysClkSource
                0x00000000080033dc       0x18 Drivers/STM32L0xx_HAL_Driver/Src/stm32l0xx_ll_rcc.o
 .text.LL_RCC_GetAHBPrescaler
                0x00000000080033f4       0x18 Drivers/STM32L0xx_HAL_Driver/Src/stm32l0xx_ll_rcc.o
 .text.LL_RCC_GetAPB1Prescaler
                0x000000000800340c       0x18 Drivers/STM32L0xx_HAL_Driver/Src/stm32l0xx_ll_rcc.o
 .text.LL_RCC_GetLPUARTClockSource
                0x0000000008003424       0x1c Drivers/STM32L0xx_HAL_Driver/Src/stm32l0xx_ll_rcc.o
 .text.LL_RCC_PLL_GetMainSource
                0x0000000008003440       0x18 Drivers/STM32L0xx_HAL_Driver/Src/stm32l0xx_ll_rcc.o
 .text.LL_RCC_PLL_GetMultiplicator
                0x0000000008003458       0x18 Drivers/STM32L0xx_HAL_Driver/Src/stm32l0xx_ll_rcc.o
 .text.LL_RCC_PLL_GetDivider
                0x0000000008003470       0x18 Drivers/STM32L0xx_HAL_Driver/Src/stm32l0xx_ll_rcc.o
 .text.LL_RCC_IsActiveFlag_HSIDIV
                0x0000000008003488       0x20 Drivers/STM32L0xx_HAL_Driver/Src/stm32l0xx_ll_rcc.o
 .text.LL_RCC_GetLPUARTClockFreq
                0x00000000080034a8       0x98 Drivers/STM32L0xx_HAL_Driver/Src/stm32l0xx_ll_rcc.o
                0x00000000080034a8                LL_RCC_GetLPUARTClockFreq
 .text.RCC_GetSystemClockFreq
                0x0000000008003540       0x88 Drivers/STM32L0xx_HAL_Driver/Src/stm32l0xx_ll_rcc.o
                0x0000000008003540                RCC_GetSystemClockFreq
 .text.RCC_GetHCLKClockFreq
                0x00000000080035c8       0x2c Drivers/STM32L0xx_HAL_Driver/Src/stm32l0xx_ll_rcc.o
                0x00000000080035c8                RCC_GetHCLKClockFreq
 .text.RCC_GetPCLK1ClockFreq
                0x00000000080035f4       0x28 Drivers/STM32L0xx_HAL_Driver/Src/stm32l0xx_ll_rcc.o
                0x00000000080035f4                RCC_GetPCLK1ClockFreq
 .text.RCC_PLL_GetFreqDomain_SYS
                0x000000000800361c       0x70 Drivers/STM32L0xx_HAL_Driver/Src/stm32l0xx_ll_rcc.o
                0x000000000800361c                RCC_PLL_GetFreqDomain_SYS
 .text.LL_SPI_IsEnabled
                0x000000000800368c       0x22 Drivers/STM32L0xx_HAL_Driver/Src/stm32l0xx_ll_spi.o
 .text.LL_SPI_SetCRCPolynomial
                0x00000000080036ae       0x1c Drivers/STM32L0xx_HAL_Driver/Src/stm32l0xx_ll_spi.o
 *fill*         0x00000000080036ca        0x2 
 .text.LL_SPI_Init
                0x00000000080036cc       0xac Drivers/STM32L0xx_HAL_Driver/Src/stm32l0xx_ll_spi.o
                0x00000000080036cc                LL_SPI_Init
 .text.LL_mDelay
                0x0000000008003778       0x44 Drivers/STM32L0xx_HAL_Driver/Src/stm32l0xx_ll_utils.o
                0x0000000008003778                LL_mDelay
 .text.LL_SetSystemCoreClock
                0x00000000080037bc       0x1c Drivers/STM32L0xx_HAL_Driver/Src/stm32l0xx_ll_utils.o
                0x00000000080037bc                LL_SetSystemCoreClock
 .text.__libc_init_array
                0x00000000080037d8       0x48 c:/st/stm32cubeide_1.4.0/stm32cubeide/plugins/com.st.stm32cube.ide.mcu.externaltools.gnu-tools-for-stm32.7-2018-q2-update.win32_1.4.0.202007081208/tools/bin/../lib/gcc/arm-none-eabi/7.3.1/../../../../arm-none-eabi/lib/thumb/v6-m\libc_nano.a(lib_a-init.o)
                0x00000000080037d8                __libc_init_array
 .text.memcpy   0x0000000008003820       0x12 c:/st/stm32cubeide_1.4.0/stm32cubeide/plugins/com.st.stm32cube.ide.mcu.externaltools.gnu-tools-for-stm32.7-2018-q2-update.win32_1.4.0.202007081208/tools/bin/../lib/gcc/arm-none-eabi/7.3.1/../../../../arm-none-eabi/lib/thumb/v6-m\libc_nano.a(lib_a-memcpy-stub.o)
                0x0000000008003820                memcpy
 .text.memset   0x0000000008003832       0x10 c:/st/stm32cubeide_1.4.0/stm32cubeide/plugins/com.st.stm32cube.ide.mcu.externaltools.gnu-tools-for-stm32.7-2018-q2-update.win32_1.4.0.202007081208/tools/bin/../lib/gcc/arm-none-eabi/7.3.1/../../../../arm-none-eabi/lib/thumb/v6-m\libc_nano.a(lib_a-memset.o)
                0x0000000008003832                memset
 *(.glue_7)
 .glue_7        0x0000000008003842        0x0 linker stubs
 *(.glue_7t)
 .glue_7t       0x0000000008003842        0x0 linker stubs
 *(.eh_frame)
 *fill*         0x0000000008003842        0x2 
 .eh_frame      0x0000000008003844        0x0 c:/st/stm32cubeide_1.4.0/stm32cubeide/plugins/com.st.stm32cube.ide.mcu.externaltools.gnu-tools-for-stm32.7-2018-q2-update.win32_1.4.0.202007081208/tools/bin/../lib/gcc/arm-none-eabi/7.3.1/thumb/v6-m/crtbegin.o
 *(.init)
 .init          0x0000000008003844        0x4 c:/st/stm32cubeide_1.4.0/stm32cubeide/plugins/com.st.stm32cube.ide.mcu.externaltools.gnu-tools-for-stm32.7-2018-q2-update.win32_1.4.0.202007081208/tools/bin/../lib/gcc/arm-none-eabi/7.3.1/thumb/v6-m/crti.o
                0x0000000008003844                _init
 .init          0x0000000008003848        0x8 c:/st/stm32cubeide_1.4.0/stm32cubeide/plugins/com.st.stm32cube.ide.mcu.externaltools.gnu-tools-for-stm32.7-2018-q2-update.win32_1.4.0.202007081208/tools/bin/../lib/gcc/arm-none-eabi/7.3.1/thumb/v6-m/crtn.o
 *(.fini)
 .fini          0x0000000008003850        0x4 c:/st/stm32cubeide_1.4.0/stm32cubeide/plugins/com.st.stm32cube.ide.mcu.externaltools.gnu-tools-for-stm32.7-2018-q2-update.win32_1.4.0.202007081208/tools/bin/../lib/gcc/arm-none-eabi/7.3.1/thumb/v6-m/crti.o
                0x0000000008003850                _fini
 .fini          0x0000000008003854        0x8 c:/st/stm32cubeide_1.4.0/stm32cubeide/plugins/com.st.stm32cube.ide.mcu.externaltools.gnu-tools-for-stm32.7-2018-q2-update.win32_1.4.0.202007081208/tools/bin/../lib/gcc/arm-none-eabi/7.3.1/thumb/v6-m/crtn.o
                0x000000000800385c                . = ALIGN (0x4)
                0x000000000800385c                _etext = .

.vfp11_veneer   0x000000000800385c        0x0
 .vfp11_veneer  0x000000000800385c        0x0 linker stubs

.v4_bx          0x000000000800385c        0x0
 .v4_bx         0x000000000800385c        0x0 linker stubs

.iplt           0x000000000800385c        0x0
 .iplt          0x000000000800385c        0x0 c:/st/stm32cubeide_1.4.0/stm32cubeide/plugins/com.st.stm32cube.ide.mcu.externaltools.gnu-tools-for-stm32.7-2018-q2-update.win32_1.4.0.202007081208/tools/bin/../lib/gcc/arm-none-eabi/7.3.1/thumb/v6-m/crtbegin.o

.rodata         0x000000000800385c       0xf4
                0x000000000800385c                . = ALIGN (0x4)
 *(.rodata)
 .rodata        0x000000000800385c        0x6 Core/Src/bme280.o
 *fill*         0x0000000008003862        0x2 
 .rodata        0x0000000008003864       0xa5 Core/Src/main.o
 *fill*         0x0000000008003909        0x3 
 .rodata        0x000000000800390c        0x6 Core/Src/rfm95.o
 *(.rodata*)
 *fill*         0x0000000008003912        0x2 
 .rodata.channels.8948
                0x0000000008003914       0x18 Core/Src/rfm95.o
 .rodata.AHBPrescTable
                0x000000000800392c       0x10 Core/Src/system_stm32l0xx.o
                0x000000000800392c                AHBPrescTable
 .rodata.APBPrescTable
                0x000000000800393c        0x8 Core/Src/system_stm32l0xx.o
                0x000000000800393c                APBPrescTable
 .rodata.PLLMulTable
                0x0000000008003944        0x9 Core/Src/system_stm32l0xx.o
                0x0000000008003944                PLLMulTable
                0x0000000008003950                . = ALIGN (0x4)
 *fill*         0x000000000800394d        0x3 

.ARM.extab      0x0000000008003950        0x0
                0x0000000008003950                . = ALIGN (0x4)
 *(.ARM.extab* .gnu.linkonce.armextab.*)
                0x0000000008003950                . = ALIGN (0x4)

.ARM            0x0000000008003950        0x8
                0x0000000008003950                . = ALIGN (0x4)
                0x0000000008003950                __exidx_start = .
 *(.ARM.exidx*)
 .ARM.exidx     0x0000000008003950        0x8 c:/st/stm32cubeide_1.4.0/stm32cubeide/plugins/com.st.stm32cube.ide.mcu.externaltools.gnu-tools-for-stm32.7-2018-q2-update.win32_1.4.0.202007081208/tools/bin/../lib/gcc/arm-none-eabi/7.3.1/thumb/v6-m\libgcc.a(_udivmoddi4.o)
                0x0000000008003958                __exidx_end = .
                0x0000000008003958                . = ALIGN (0x4)

.rel.dyn        0x0000000008003958        0x0
 .rel.iplt      0x0000000008003958        0x0 c:/st/stm32cubeide_1.4.0/stm32cubeide/plugins/com.st.stm32cube.ide.mcu.externaltools.gnu-tools-for-stm32.7-2018-q2-update.win32_1.4.0.202007081208/tools/bin/../lib/gcc/arm-none-eabi/7.3.1/thumb/v6-m/crtbegin.o

.preinit_array  0x0000000008003958        0x0
                0x0000000008003958                . = ALIGN (0x4)
                0x0000000008003958                PROVIDE (__preinit_array_start = .)
 *(.preinit_array*)
                0x0000000008003958                PROVIDE (__preinit_array_end = .)
                0x0000000008003958                . = ALIGN (0x4)

.init_array     0x0000000008003958        0x4
                0x0000000008003958                . = ALIGN (0x4)
                0x0000000008003958                PROVIDE (__init_array_start = .)
 *(SORT_BY_NAME(.init_array.*))
 *(.init_array*)
 .init_array    0x0000000008003958        0x4 c:/st/stm32cubeide_1.4.0/stm32cubeide/plugins/com.st.stm32cube.ide.mcu.externaltools.gnu-tools-for-stm32.7-2018-q2-update.win32_1.4.0.202007081208/tools/bin/../lib/gcc/arm-none-eabi/7.3.1/thumb/v6-m/crtbegin.o
                0x000000000800395c                PROVIDE (__init_array_end = .)
                0x000000000800395c                . = ALIGN (0x4)

.fini_array     0x000000000800395c        0x4
                0x000000000800395c                . = ALIGN (0x4)
                [!provide]                        PROVIDE (__fini_array_start = .)
 *(SORT_BY_NAME(.fini_array.*))
 *(.fini_array*)
 .fini_array    0x000000000800395c        0x4 c:/st/stm32cubeide_1.4.0/stm32cubeide/plugins/com.st.stm32cube.ide.mcu.externaltools.gnu-tools-for-stm32.7-2018-q2-update.win32_1.4.0.202007081208/tools/bin/../lib/gcc/arm-none-eabi/7.3.1/thumb/v6-m/crtbegin.o
                [!provide]                        PROVIDE (__fini_array_end = .)
                0x0000000008003960                . = ALIGN (0x4)
                0x0000000008003960                _sidata = LOADADDR (.data)

.data           0x0000000020000000       0x40 load address 0x0000000008003960
                0x0000000020000000                . = ALIGN (0x4)
                0x0000000020000000                _sdata = .
 *(.data)
 *(.data*)
 .data.pins     0x0000000020000000       0x20 Core/Src/main.o
                0x0000000020000000                pins
 .data.hex.8099
                0x0000000020000020       0x11 Core/Src/main.o
 *fill*         0x0000000020000031        0x3 
 .data.SystemCoreClock
                0x0000000020000034        0x4 Core/Src/system_stm32l0xx.o
                0x0000000020000034                SystemCoreClock
 .data.uwTickPrio
                0x0000000020000038        0x4 Drivers/STM32L0xx_HAL_Driver/Src/stm32l0xx_hal.o
                0x0000000020000038                uwTickPrio
 .data.uwTickFreq
                0x000000002000003c        0x1 Drivers/STM32L0xx_HAL_Driver/Src/stm32l0xx_hal.o
                0x000000002000003c                uwTickFreq
                0x0000000020000040                . = ALIGN (0x4)
 *fill*         0x000000002000003d        0x3 
                0x0000000020000040                _edata = .

.igot.plt       0x0000000020000040        0x0 load address 0x00000000080039a0
 .igot.plt      0x0000000020000040        0x0 c:/st/stm32cubeide_1.4.0/stm32cubeide/plugins/com.st.stm32cube.ide.mcu.externaltools.gnu-tools-for-stm32.7-2018-q2-update.win32_1.4.0.202007081208/tools/bin/../lib/gcc/arm-none-eabi/7.3.1/thumb/v6-m/crtbegin.o
                0x0000000020000040                . = ALIGN (0x4)

.bss            0x0000000020000040       0xf4 load address 0x00000000080039a0
                0x0000000020000040                _sbss = .
                0x0000000020000040                __bss_start__ = _sbss
 *(.bss)
 .bss           0x0000000020000040       0x1c c:/st/stm32cubeide_1.4.0/stm32cubeide/plugins/com.st.stm32cube.ide.mcu.externaltools.gnu-tools-for-stm32.7-2018-q2-update.win32_1.4.0.202007081208/tools/bin/../lib/gcc/arm-none-eabi/7.3.1/thumb/v6-m/crtbegin.o
 *(.bss*)
 .bss.NwkSkey   0x000000002000005c       0x10 Core/Src/main.o
                0x000000002000005c                NwkSkey
 .bss.AppSkey   0x000000002000006c       0x10 Core/Src/main.o
                0x000000002000006c                AppSkey
 .bss.DevAddr   0x000000002000007c        0x4 Core/Src/main.o
                0x000000002000007c                DevAddr
 .bss.miState   0x0000000020000080        0x4 Core/Src/rfm95.o
 *(COMMON)
 *fill*         0x0000000020000084        0x4 
 COMMON         0x0000000020000088       0xa8 Core/Src/main.o
                0x0000000020000088                rfm95_ver
                0x000000002000008a                frame_counter
                0x000000002000008c                bme280_dev
                0x00000000200000cc                hrtc
                0x00000000200000f0                bme280_data
                0x0000000020000108                bme280_delay
                0x000000002000010c                lorawan
                0x000000002000011c                rfm95_dev
 COMMON         0x0000000020000130        0x4 Drivers/STM32L0xx_HAL_Driver/Src/stm32l0xx_hal.o
                0x0000000020000130                uwTick
                0x0000000020000134                . = ALIGN (0x4)
                0x0000000020000134                _ebss = .
                0x0000000020000134                __bss_end__ = _ebss

._user_heap_stack
                0x0000000020000134      0x604 load address 0x00000000080039a0
                0x0000000020000138                . = ALIGN (0x8)
 *fill*         0x0000000020000134        0x4 
                [!provide]                        PROVIDE (end = .)
                0x0000000020000138                PROVIDE (_end = .)
                0x0000000020000338                . = (. + _Min_Heap_Size)
 *fill*         0x0000000020000138      0x200 
                0x0000000020000738                . = (. + _Min_Stack_Size)
 *fill*         0x0000000020000338      0x400 
                0x0000000020000738                . = ALIGN (0x8)

/DISCARD/
 libc.a(*)
 libm.a(*)
 libgcc.a(*)

.ARM.attributes
                0x0000000000000000       0x28
 *(.ARM.attributes)
 .ARM.attributes
                0x0000000000000000       0x1e c:/st/stm32cubeide_1.4.0/stm32cubeide/plugins/com.st.stm32cube.ide.mcu.externaltools.gnu-tools-for-stm32.7-2018-q2-update.win32_1.4.0.202007081208/tools/bin/../lib/gcc/arm-none-eabi/7.3.1/thumb/v6-m/crti.o
 .ARM.attributes
                0x000000000000001e       0x2c c:/st/stm32cubeide_1.4.0/stm32cubeide/plugins/com.st.stm32cube.ide.mcu.externaltools.gnu-tools-for-stm32.7-2018-q2-update.win32_1.4.0.202007081208/tools/bin/../lib/gcc/arm-none-eabi/7.3.1/thumb/v6-m/crtbegin.o
 .ARM.attributes
                0x000000000000004a       0x32 Core/Src/bme280.o
 .ARM.attributes
                0x000000000000007c       0x32 Core/Src/lorawan.o
 .ARM.attributes
                0x00000000000000ae       0x32 Core/Src/main.o
 .ARM.attributes
                0x00000000000000e0       0x32 Core/Src/rfm95.o
 .ARM.attributes
                0x0000000000000112       0x32 Core/Src/stm32l0xx_hal_msp.o
 .ARM.attributes
                0x0000000000000144       0x32 Core/Src/stm32l0xx_it.o
 .ARM.attributes
                0x0000000000000176       0x32 Core/Src/system_stm32l0xx.o
 .ARM.attributes
                0x00000000000001a8       0x22 Core/Startup/startup_stm32l011k4tx.o
 .ARM.attributes
                0x00000000000001ca       0x32 Drivers/STM32L0xx_HAL_Driver/Src/stm32l0xx_hal.o
 .ARM.attributes
                0x00000000000001fc       0x32 Drivers/STM32L0xx_HAL_Driver/Src/stm32l0xx_hal_cortex.o
 .ARM.attributes
                0x000000000000022e       0x32 Drivers/STM32L0xx_HAL_Driver/Src/stm32l0xx_hal_rtc.o
 .ARM.attributes
                0x0000000000000260       0x32 Drivers/STM32L0xx_HAL_Driver/Src/stm32l0xx_hal_rtc_ex.o
 .ARM.attributes
                0x0000000000000292       0x32 Drivers/STM32L0xx_HAL_Driver/Src/stm32l0xx_ll_adc.o
 .ARM.attributes
                0x00000000000002c4       0x32 Drivers/STM32L0xx_HAL_Driver/Src/stm32l0xx_ll_gpio.o
 .ARM.attributes
                0x00000000000002f6       0x32 Drivers/STM32L0xx_HAL_Driver/Src/stm32l0xx_ll_lpuart.o
 .ARM.attributes
                0x0000000000000328       0x32 Drivers/STM32L0xx_HAL_Driver/Src/stm32l0xx_ll_rcc.o
 .ARM.attributes
                0x000000000000035a       0x32 Drivers/STM32L0xx_HAL_Driver/Src/stm32l0xx_ll_spi.o
 .ARM.attributes
                0x000000000000038c       0x32 Drivers/STM32L0xx_HAL_Driver/Src/stm32l0xx_ll_utils.o
 .ARM.attributes
                0x00000000000003be       0x2c c:/st/stm32cubeide_1.4.0/stm32cubeide/plugins/com.st.stm32cube.ide.mcu.externaltools.gnu-tools-for-stm32.7-2018-q2-update.win32_1.4.0.202007081208/tools/bin/../lib/gcc/arm-none-eabi/7.3.1/../../../../arm-none-eabi/lib/thumb/v6-m\libc_nano.a(lib_a-init.o)
 .ARM.attributes
                0x00000000000003ea       0x2c c:/st/stm32cubeide_1.4.0/stm32cubeide/plugins/com.st.stm32cube.ide.mcu.externaltools.gnu-tools-for-stm32.7-2018-q2-update.win32_1.4.0.202007081208/tools/bin/../lib/gcc/arm-none-eabi/7.3.1/../../../../arm-none-eabi/lib/thumb/v6-m\libc_nano.a(lib_a-memcpy-stub.o)
 .ARM.attributes
                0x0000000000000416       0x2c c:/st/stm32cubeide_1.4.0/stm32cubeide/plugins/com.st.stm32cube.ide.mcu.externaltools.gnu-tools-for-stm32.7-2018-q2-update.win32_1.4.0.202007081208/tools/bin/../lib/gcc/arm-none-eabi/7.3.1/../../../../arm-none-eabi/lib/thumb/v6-m\libc_nano.a(lib_a-memset.o)
 .ARM.attributes
                0x0000000000000442       0x1e c:/st/stm32cubeide_1.4.0/stm32cubeide/plugins/com.st.stm32cube.ide.mcu.externaltools.gnu-tools-for-stm32.7-2018-q2-update.win32_1.4.0.202007081208/tools/bin/../lib/gcc/arm-none-eabi/7.3.1/thumb/v6-m\libgcc.a(_udivsi3.o)
 .ARM.attributes
                0x0000000000000460       0x1e c:/st/stm32cubeide_1.4.0/stm32cubeide/plugins/com.st.stm32cube.ide.mcu.externaltools.gnu-tools-for-stm32.7-2018-q2-update.win32_1.4.0.202007081208/tools/bin/../lib/gcc/arm-none-eabi/7.3.1/thumb/v6-m\libgcc.a(_divsi3.o)
 .ARM.attributes
                0x000000000000047e       0x1e c:/st/stm32cubeide_1.4.0/stm32cubeide/plugins/com.st.stm32cube.ide.mcu.externaltools.gnu-tools-for-stm32.7-2018-q2-update.win32_1.4.0.202007081208/tools/bin/../lib/gcc/arm-none-eabi/7.3.1/thumb/v6-m\libgcc.a(_dvmd_tls.o)
 .ARM.attributes
                0x000000000000049c       0x1e c:/st/stm32cubeide_1.4.0/stm32cubeide/plugins/com.st.stm32cube.ide.mcu.externaltools.gnu-tools-for-stm32.7-2018-q2-update.win32_1.4.0.202007081208/tools/bin/../lib/gcc/arm-none-eabi/7.3.1/thumb/v6-m\libgcc.a(_aeabi_uldivmod.o)
 .ARM.attributes
                0x00000000000004ba       0x2c c:/st/stm32cubeide_1.4.0/stm32cubeide/plugins/com.st.stm32cube.ide.mcu.externaltools.gnu-tools-for-stm32.7-2018-q2-update.win32_1.4.0.202007081208/tools/bin/../lib/gcc/arm-none-eabi/7.3.1/thumb/v6-m\libgcc.a(_udivmoddi4.o)
 .ARM.attributes
                0x00000000000004e6       0x1e c:/st/stm32cubeide_1.4.0/stm32cubeide/plugins/com.st.stm32cube.ide.mcu.externaltools.gnu-tools-for-stm32.7-2018-q2-update.win32_1.4.0.202007081208/tools/bin/../lib/gcc/arm-none-eabi/7.3.1/thumb/v6-m\libgcc.a(_clzsi2.o)
 .ARM.attributes
                0x0000000000000504       0x1e c:/st/stm32cubeide_1.4.0/stm32cubeide/plugins/com.st.stm32cube.ide.mcu.externaltools.gnu-tools-for-stm32.7-2018-q2-update.win32_1.4.0.202007081208/tools/bin/../lib/gcc/arm-none-eabi/7.3.1/thumb/v6-m\libgcc.a(_clzdi2.o)
 .ARM.attributes
                0x0000000000000522       0x1e c:/st/stm32cubeide_1.4.0/stm32cubeide/plugins/com.st.stm32cube.ide.mcu.externaltools.gnu-tools-for-stm32.7-2018-q2-update.win32_1.4.0.202007081208/tools/bin/../lib/gcc/arm-none-eabi/7.3.1/thumb/v6-m/crtn.o
OUTPUT(BME_IoT_Node.elf elf32-littlearm)

.debug_info     0x0000000000000000     0xac2a
 .debug_info    0x0000000000000000     0x109f Core/Src/bme280.o
 .debug_info    0x000000000000109f     0x1216 Core/Src/lorawan.o
 .debug_info    0x00000000000022b5     0x1c32 Core/Src/main.o
 .debug_info    0x0000000000003ee7      0xd47 Core/Src/rfm95.o
 .debug_info    0x0000000000004c2e      0x620 Core/Src/stm32l0xx_hal_msp.o
 .debug_info    0x000000000000524e      0x46e Core/Src/stm32l0xx_it.o
 .debug_info    0x00000000000056bc      0x3d9 Core/Src/system_stm32l0xx.o
 .debug_info    0x0000000000005a95       0x22 Core/Startup/startup_stm32l011k4tx.o
 .debug_info    0x0000000000005ab7      0x839 Drivers/STM32L0xx_HAL_Driver/Src/stm32l0xx_hal.o
 .debug_info    0x00000000000062f0      0x74c Drivers/STM32L0xx_HAL_Driver/Src/stm32l0xx_hal_cortex.o
 .debug_info    0x0000000000006a3c      0xaec Drivers/STM32L0xx_HAL_Driver/Src/stm32l0xx_hal_rtc.o
 .debug_info    0x0000000000007528      0xdbc Drivers/STM32L0xx_HAL_Driver/Src/stm32l0xx_hal_rtc_ex.o
 .debug_info    0x00000000000082e4      0x7f8 Drivers/STM32L0xx_HAL_Driver/Src/stm32l0xx_ll_adc.o
 .debug_info    0x0000000000008adc      0x658 Drivers/STM32L0xx_HAL_Driver/Src/stm32l0xx_ll_gpio.o
 .debug_info    0x0000000000009134      0x5a7 Drivers/STM32L0xx_HAL_Driver/Src/stm32l0xx_ll_lpuart.o
 .debug_info    0x00000000000096db      0x7ac Drivers/STM32L0xx_HAL_Driver/Src/stm32l0xx_ll_rcc.o
 .debug_info    0x0000000000009e87      0x51a Drivers/STM32L0xx_HAL_Driver/Src/stm32l0xx_ll_spi.o
 .debug_info    0x000000000000a3a1      0x889 Drivers/STM32L0xx_HAL_Driver/Src/stm32l0xx_ll_utils.o

.debug_abbrev   0x0000000000000000     0x2140
 .debug_abbrev  0x0000000000000000      0x187 Core/Src/bme280.o
 .debug_abbrev  0x0000000000000187      0x2f9 Core/Src/lorawan.o
 .debug_abbrev  0x0000000000000480      0x3a8 Core/Src/main.o
 .debug_abbrev  0x0000000000000828      0x25c Core/Src/rfm95.o
 .debug_abbrev  0x0000000000000a84      0x14c Core/Src/stm32l0xx_hal_msp.o
 .debug_abbrev  0x0000000000000bd0      0x132 Core/Src/stm32l0xx_it.o
 .debug_abbrev  0x0000000000000d02      0x12b Core/Src/system_stm32l0xx.o
 .debug_abbrev  0x0000000000000e2d       0x12 Core/Startup/startup_stm32l011k4tx.o
 .debug_abbrev  0x0000000000000e3f      0x235 Drivers/STM32L0xx_HAL_Driver/Src/stm32l0xx_hal.o
 .debug_abbrev  0x0000000000001074      0x23c Drivers/STM32L0xx_HAL_Driver/Src/stm32l0xx_hal_cortex.o
 .debug_abbrev  0x00000000000012b0      0x1c4 Drivers/STM32L0xx_HAL_Driver/Src/stm32l0xx_hal_rtc.o
 .debug_abbrev  0x0000000000001474      0x1ef Drivers/STM32L0xx_HAL_Driver/Src/stm32l0xx_hal_rtc_ex.o
 .debug_abbrev  0x0000000000001663      0x1d8 Drivers/STM32L0xx_HAL_Driver/Src/stm32l0xx_ll_adc.o
 .debug_abbrev  0x000000000000183b      0x1a2 Drivers/STM32L0xx_HAL_Driver/Src/stm32l0xx_ll_gpio.o
 .debug_abbrev  0x00000000000019dd      0x19e Drivers/STM32L0xx_HAL_Driver/Src/stm32l0xx_ll_lpuart.o
 .debug_abbrev  0x0000000000001b7b      0x1ff Drivers/STM32L0xx_HAL_Driver/Src/stm32l0xx_ll_rcc.o
 .debug_abbrev  0x0000000000001d7a      0x195 Drivers/STM32L0xx_HAL_Driver/Src/stm32l0xx_ll_spi.o
 .debug_abbrev  0x0000000000001f0f      0x231 Drivers/STM32L0xx_HAL_Driver/Src/stm32l0xx_ll_utils.o

.debug_aranges  0x0000000000000000      0xcb8
 .debug_aranges
                0x0000000000000000      0x120 Core/Src/bme280.o
 .debug_aranges
                0x0000000000000120       0x88 Core/Src/lorawan.o
 .debug_aranges
                0x00000000000001a8      0x268 Core/Src/main.o
 .debug_aranges
                0x0000000000000410       0x50 Core/Src/rfm95.o
 .debug_aranges
                0x0000000000000460       0x30 Core/Src/stm32l0xx_hal_msp.o
 .debug_aranges
                0x0000000000000490       0x48 Core/Src/stm32l0xx_it.o
 .debug_aranges
                0x00000000000004d8       0x28 Core/Src/system_stm32l0xx.o
 .debug_aranges
                0x0000000000000500       0x28 Core/Startup/startup_stm32l011k4tx.o
 .debug_aranges
                0x0000000000000528      0x110 Drivers/STM32L0xx_HAL_Driver/Src/stm32l0xx_hal.o
 .debug_aranges
                0x0000000000000638       0xc0 Drivers/STM32L0xx_HAL_Driver/Src/stm32l0xx_hal_cortex.o
 .debug_aranges
                0x00000000000006f8       0xb8 Drivers/STM32L0xx_HAL_Driver/Src/stm32l0xx_hal_rtc.o
 .debug_aranges
                0x00000000000007b0      0x120 Drivers/STM32L0xx_HAL_Driver/Src/stm32l0xx_hal_rtc_ex.o
 .debug_aranges
                0x00000000000008d0       0xa8 Drivers/STM32L0xx_HAL_Driver/Src/stm32l0xx_ll_adc.o
 .debug_aranges
                0x0000000000000978       0x70 Drivers/STM32L0xx_HAL_Driver/Src/stm32l0xx_ll_gpio.o
 .debug_aranges
                0x00000000000009e8       0x60 Drivers/STM32L0xx_HAL_Driver/Src/stm32l0xx_ll_lpuart.o
 .debug_aranges
                0x0000000000000a48      0x130 Drivers/STM32L0xx_HAL_Driver/Src/stm32l0xx_ll_rcc.o
 .debug_aranges
                0x0000000000000b78       0x50 Drivers/STM32L0xx_HAL_Driver/Src/stm32l0xx_ll_spi.o
 .debug_aranges
                0x0000000000000bc8       0xf0 Drivers/STM32L0xx_HAL_Driver/Src/stm32l0xx_ll_utils.o

.debug_ranges   0x0000000000000000      0xba0
 .debug_ranges  0x0000000000000000      0x110 Core/Src/bme280.o
 .debug_ranges  0x0000000000000110       0x78 Core/Src/lorawan.o
 .debug_ranges  0x0000000000000188      0x258 Core/Src/main.o
 .debug_ranges  0x00000000000003e0       0x40 Core/Src/rfm95.o
 .debug_ranges  0x0000000000000420       0x20 Core/Src/stm32l0xx_hal_msp.o
 .debug_ranges  0x0000000000000440       0x38 Core/Src/stm32l0xx_it.o
 .debug_ranges  0x0000000000000478       0x18 Core/Src/system_stm32l0xx.o
 .debug_ranges  0x0000000000000490       0x20 Core/Startup/startup_stm32l011k4tx.o
 .debug_ranges  0x00000000000004b0      0x100 Drivers/STM32L0xx_HAL_Driver/Src/stm32l0xx_hal.o
 .debug_ranges  0x00000000000005b0       0xb0 Drivers/STM32L0xx_HAL_Driver/Src/stm32l0xx_hal_cortex.o
 .debug_ranges  0x0000000000000660       0xa8 Drivers/STM32L0xx_HAL_Driver/Src/stm32l0xx_hal_rtc.o
 .debug_ranges  0x0000000000000708      0x110 Drivers/STM32L0xx_HAL_Driver/Src/stm32l0xx_hal_rtc_ex.o
 .debug_ranges  0x0000000000000818       0x98 Drivers/STM32L0xx_HAL_Driver/Src/stm32l0xx_ll_adc.o
 .debug_ranges  0x00000000000008b0       0x60 Drivers/STM32L0xx_HAL_Driver/Src/stm32l0xx_ll_gpio.o
 .debug_ranges  0x0000000000000910       0x50 Drivers/STM32L0xx_HAL_Driver/Src/stm32l0xx_ll_lpuart.o
 .debug_ranges  0x0000000000000960      0x120 Drivers/STM32L0xx_HAL_Driver/Src/stm32l0xx_ll_rcc.o
 .debug_ranges  0x0000000000000a80       0x40 Drivers/STM32L0xx_HAL_Driver/Src/stm32l0xx_ll_spi.o
 .debug_ranges  0x0000000000000ac0       0xe0 Drivers/STM32L0xx_HAL_Driver/Src/stm32l0xx_ll_utils.o

.debug_macro    0x0000000000000000    0x13ed4
 .debug_macro   0x0000000000000000       0x91 Core/Src/bme280.o
 .debug_macro   0x0000000000000091      0xa4e Core/Src/bme280.o
 .debug_macro   0x0000000000000adf       0x22 Core/Src/bme280.o
 .debug_macro   0x0000000000000b01       0x8e Core/Src/bme280.o
 .debug_macro   0x0000000000000b8f       0x51 Core/Src/bme280.o
 .debug_macro   0x0000000000000be0       0xef Core/Src/bme280.o
 .debug_macro   0x0000000000000ccf       0x6a Core/Src/bme280.o
 .debug_macro   0x0000000000000d39      0x1df Core/Src/bme280.o
 .debug_macro   0x0000000000000f18      0x174 Core/Src/bme280.o
 .debug_macro   0x000000000000108c      0x239 Core/Src/bme280.o
 .debug_macro   0x00000000000012c5      0x2fd Core/Src/lorawan.o
 .debug_macro   0x00000000000015c2       0x40 Core/Src/lorawan.o
 .debug_macro   0x0000000000001602       0x18 Core/Src/lorawan.o
 .debug_macro   0x000000000000161a       0x94 Core/Src/lorawan.o
 .debug_macro   0x00000000000016ae       0x3c Core/Src/lorawan.o
 .debug_macro   0x00000000000016ea       0x34 Core/Src/lorawan.o
 .debug_macro   0x000000000000171e       0x57 Core/Src/lorawan.o
 .debug_macro   0x0000000000001775       0x52 Core/Src/lorawan.o
 .debug_macro   0x00000000000017c7       0x1f Core/Src/lorawan.o
 .debug_macro   0x00000000000017e6       0x43 Core/Src/lorawan.o
 .debug_macro   0x0000000000001829       0x20 Core/Src/lorawan.o
 .debug_macro   0x0000000000001849      0x1a3 Core/Src/lorawan.o
 .debug_macro   0x00000000000019ec      0x330 Core/Src/lorawan.o
 .debug_macro   0x0000000000001d1c       0x10 Core/Src/lorawan.o
 .debug_macro   0x0000000000001d2c       0x35 Core/Src/lorawan.o
 .debug_macro   0x0000000000001d61       0x20 Core/Src/lorawan.o
 .debug_macro   0x0000000000001d81      0x119 Core/Src/lorawan.o
 .debug_macro   0x0000000000001e9a       0x2e Core/Src/lorawan.o
 .debug_macro   0x0000000000001ec8       0x28 Core/Src/lorawan.o
 .debug_macro   0x0000000000001ef0       0x34 Core/Src/lorawan.o
 .debug_macro   0x0000000000001f24       0x26 Core/Src/lorawan.o
 .debug_macro   0x0000000000001f4a      0x329 Core/Src/lorawan.o
 .debug_macro   0x0000000000002273     0x7ba3 Core/Src/lorawan.o
 .debug_macro   0x0000000000009e16       0x3c Core/Src/lorawan.o
 .debug_macro   0x0000000000009e52     0x352c Core/Src/lorawan.o
 .debug_macro   0x000000000000d37e       0x55 Core/Src/lorawan.o
 .debug_macro   0x000000000000d3d3      0x899 Core/Src/lorawan.o
 .debug_macro   0x000000000000dc6c      0x42e Core/Src/lorawan.o
 .debug_macro   0x000000000000e09a      0x13f Core/Src/lorawan.o
 .debug_macro   0x000000000000e1d9       0xf1 Core/Src/lorawan.o
 .debug_macro   0x000000000000e2ca      0x28e Core/Src/lorawan.o
 .debug_macro   0x000000000000e558       0x28 Core/Src/lorawan.o
 .debug_macro   0x000000000000e580      0x129 Core/Src/lorawan.o
 .debug_macro   0x000000000000e6a9      0x244 Core/Src/lorawan.o
 .debug_macro   0x000000000000e8ed      0x22c Core/Src/lorawan.o
 .debug_macro   0x000000000000eb19       0x5b Core/Src/lorawan.o
 .debug_macro   0x000000000000eb74       0xa5 Core/Src/lorawan.o
 .debug_macro   0x000000000000ec19      0x187 Core/Src/lorawan.o
 .debug_macro   0x000000000000eda0       0x16 Core/Src/lorawan.o
 .debug_macro   0x000000000000edb6      0x2fe Core/Src/lorawan.o
 .debug_macro   0x000000000000f0b4      0x3fc Core/Src/lorawan.o
 .debug_macro   0x000000000000f4b0       0xdd Core/Src/lorawan.o
 .debug_macro   0x000000000000f58d      0x11c Core/Src/lorawan.o
 .debug_macro   0x000000000000f6a9      0x6b0 Core/Src/lorawan.o
 .debug_macro   0x000000000000fd59      0x224 Core/Src/lorawan.o
 .debug_macro   0x000000000000ff7d      0x3b4 Core/Src/lorawan.o
 .debug_macro   0x0000000000010331       0xa7 Core/Src/lorawan.o
 .debug_macro   0x00000000000103d8      0x13d Core/Src/lorawan.o
 .debug_macro   0x0000000000010515      0x109 Core/Src/lorawan.o
 .debug_macro   0x000000000001061e       0x16 Core/Src/lorawan.o
 .debug_macro   0x0000000000010634       0x2a Core/Src/lorawan.o
 .debug_macro   0x000000000001065e       0xdb Core/Src/lorawan.o
 .debug_macro   0x0000000000010739      0x285 Core/Src/lorawan.o
 .debug_macro   0x00000000000109be      0x124 Core/Src/lorawan.o
 .debug_macro   0x0000000000010ae2      0x12d Core/Src/lorawan.o
 .debug_macro   0x0000000000010c0f       0x7c Core/Src/lorawan.o
 .debug_macro   0x0000000000010c8b      0x277 Core/Src/main.o
 .debug_macro   0x0000000000010f02       0x5b Core/Src/main.o
 .debug_macro   0x0000000000010f5d      0x38e Core/Src/rfm95.o
 .debug_macro   0x00000000000112eb       0x46 Core/Src/rfm95.o
 .debug_macro   0x0000000000011331       0x16 Core/Src/rfm95.o
 .debug_macro   0x0000000000011347       0x10 Core/Src/rfm95.o
 .debug_macro   0x0000000000011357       0x10 Core/Src/rfm95.o
 .debug_macro   0x0000000000011367       0x1c Core/Src/rfm95.o
 .debug_macro   0x0000000000011383       0x52 Core/Src/rfm95.o
 .debug_macro   0x00000000000113d5       0x40 Core/Src/rfm95.o
 .debug_macro   0x0000000000011415       0x10 Core/Src/rfm95.o
 .debug_macro   0x0000000000011425       0x40 Core/Src/rfm95.o
 .debug_macro   0x0000000000011465       0xd7 Core/Src/rfm95.o
 .debug_macro   0x000000000001153c       0x1c Core/Src/rfm95.o
 .debug_macro   0x0000000000011558       0x3d Core/Src/rfm95.o
 .debug_macro   0x0000000000011595       0x16 Core/Src/rfm95.o
 .debug_macro   0x00000000000115ab      0x145 Core/Src/rfm95.o
 .debug_macro   0x00000000000116f0      0x22e Core/Src/stm32l0xx_hal_msp.o
 .debug_macro   0x000000000001191e      0x238 Core/Src/stm32l0xx_it.o
 .debug_macro   0x0000000000011b56      0x1af Core/Src/system_stm32l0xx.o
 .debug_macro   0x0000000000011d05      0x1cd Drivers/STM32L0xx_HAL_Driver/Src/stm32l0xx_hal.o
 .debug_macro   0x0000000000011ed2      0x1a9 Drivers/STM32L0xx_HAL_Driver/Src/stm32l0xx_hal_cortex.o
 .debug_macro   0x000000000001207b      0x1aa Drivers/STM32L0xx_HAL_Driver/Src/stm32l0xx_hal_rtc.o
 .debug_macro   0x0000000000012225      0x1b0 Drivers/STM32L0xx_HAL_Driver/Src/stm32l0xx_hal_rtc_ex.o
 .debug_macro   0x00000000000123d5      0x220 Drivers/STM32L0xx_HAL_Driver/Src/stm32l0xx_ll_adc.o
 .debug_macro   0x00000000000125f5      0x6aa Drivers/STM32L0xx_HAL_Driver/Src/stm32l0xx_ll_adc.o
 .debug_macro   0x0000000000012c9f      0x1eb Drivers/STM32L0xx_HAL_Driver/Src/stm32l0xx_ll_gpio.o
 .debug_macro   0x0000000000012e8a      0x127 Drivers/STM32L0xx_HAL_Driver/Src/stm32l0xx_ll_gpio.o
 .debug_macro   0x0000000000012fb1      0x200 Drivers/STM32L0xx_HAL_Driver/Src/stm32l0xx_ll_lpuart.o
 .debug_macro   0x00000000000131b1      0x21e Drivers/STM32L0xx_HAL_Driver/Src/stm32l0xx_ll_lpuart.o
 .debug_macro   0x00000000000133cf      0x1d6 Drivers/STM32L0xx_HAL_Driver/Src/stm32l0xx_ll_rcc.o
 .debug_macro   0x00000000000135a5      0x3ae Drivers/STM32L0xx_HAL_Driver/Src/stm32l0xx_ll_rcc.o
 .debug_macro   0x0000000000013953      0x212 Drivers/STM32L0xx_HAL_Driver/Src/stm32l0xx_ll_spi.o
 .debug_macro   0x0000000000013b65      0x11e Drivers/STM32L0xx_HAL_Driver/Src/stm32l0xx_ll_spi.o
 .debug_macro   0x0000000000013c83      0x251 Drivers/STM32L0xx_HAL_Driver/Src/stm32l0xx_ll_utils.o

.debug_line     0x0000000000000000     0xa1e2
 .debug_line    0x0000000000000000      0x7c5 Core/Src/bme280.o
 .debug_line    0x00000000000007c5      0xd04 Core/Src/lorawan.o
 .debug_line    0x00000000000014c9      0xf9d Core/Src/main.o
 .debug_line    0x0000000000002466      0xa6d Core/Src/rfm95.o
 .debug_line    0x0000000000002ed3      0x7ed Core/Src/stm32l0xx_hal_msp.o
 .debug_line    0x00000000000036c0      0x82a Core/Src/stm32l0xx_it.o
 .debug_line    0x0000000000003eea      0x6c8 Core/Src/system_stm32l0xx.o
 .debug_line    0x00000000000045b2       0x9e Core/Startup/startup_stm32l011k4tx.o
 .debug_line    0x0000000000004650      0x8e4 Drivers/STM32L0xx_HAL_Driver/Src/stm32l0xx_hal.o
 .debug_line    0x0000000000004f34      0x85f Drivers/STM32L0xx_HAL_Driver/Src/stm32l0xx_hal_cortex.o
 .debug_line    0x0000000000005793      0xa37 Drivers/STM32L0xx_HAL_Driver/Src/stm32l0xx_hal_rtc.o
 .debug_line    0x00000000000061ca      0xd02 Drivers/STM32L0xx_HAL_Driver/Src/stm32l0xx_hal_rtc_ex.o
 .debug_line    0x0000000000006ecc      0x869 Drivers/STM32L0xx_HAL_Driver/Src/stm32l0xx_ll_adc.o
 .debug_line    0x0000000000007735      0x7c6 Drivers/STM32L0xx_HAL_Driver/Src/stm32l0xx_ll_gpio.o
 .debug_line    0x0000000000007efb      0x7a1 Drivers/STM32L0xx_HAL_Driver/Src/stm32l0xx_ll_lpuart.o
 .debug_line    0x000000000000869c      0xa35 Drivers/STM32L0xx_HAL_Driver/Src/stm32l0xx_ll_rcc.o
 .debug_line    0x00000000000090d1      0x78b Drivers/STM32L0xx_HAL_Driver/Src/stm32l0xx_ll_spi.o
 .debug_line    0x000000000000985c      0x986 Drivers/STM32L0xx_HAL_Driver/Src/stm32l0xx_ll_utils.o

.debug_str      0x0000000000000000    0x73bc9
 .debug_str     0x0000000000000000     0x4ed6 Core/Src/bme280.o
                                       0x516d (size before relaxing)
 .debug_str     0x0000000000004ed6    0x68a32 Core/Src/lorawan.o
                                      0x6cfe4 (size before relaxing)
 .debug_str     0x000000000006d908      0xc20 Core/Src/main.o
                                      0x6b85b (size before relaxing)
 .debug_str     0x000000000006e528     0x1247 Core/Src/rfm95.o
                                      0x6df03 (size before relaxing)
 .debug_str     0x000000000006f76f      0x14b Core/Src/stm32l0xx_hal_msp.o
                                      0x6a085 (size before relaxing)
 .debug_str     0x000000000006f8ba       0x85 Core/Src/stm32l0xx_it.o
                                      0x69eed (size before relaxing)
 .debug_str     0x000000000006f93f       0x9c Core/Src/system_stm32l0xx.o
                                      0x5f87f (size before relaxing)
 .debug_str     0x000000000006f9db       0x36 Core/Startup/startup_stm32l011k4tx.o
                                         0x64 (size before relaxing)
 .debug_str     0x000000000006fa11      0x3e0 Drivers/STM32L0xx_HAL_Driver/Src/stm32l0xx_hal.o
                                      0x5fe60 (size before relaxing)
 .debug_str     0x000000000006fdf1      0x1bc Drivers/STM32L0xx_HAL_Driver/Src/stm32l0xx_hal_cortex.o
                                      0x5fb5e (size before relaxing)
 .debug_str     0x000000000006ffad      0x2c3 Drivers/STM32L0xx_HAL_Driver/Src/stm32l0xx_hal_rtc.o
                                      0x5fc49 (size before relaxing)
 .debug_str     0x0000000000070270      0x6d2 Drivers/STM32L0xx_HAL_Driver/Src/stm32l0xx_hal_rtc_ex.o
                                      0x600de (size before relaxing)
 .debug_str     0x0000000000070942      0xe2d Drivers/STM32L0xx_HAL_Driver/Src/stm32l0xx_ll_adc.o
                                      0x652dc (size before relaxing)
 .debug_str     0x000000000007176f      0x54f Drivers/STM32L0xx_HAL_Driver/Src/stm32l0xx_ll_gpio.o
                                      0x609e5 (size before relaxing)
 .debug_str     0x0000000000071cbe      0x548 Drivers/STM32L0xx_HAL_Driver/Src/stm32l0xx_ll_lpuart.o
                                      0x62791 (size before relaxing)
 .debug_str     0x0000000000072206      0x50c Drivers/STM32L0xx_HAL_Driver/Src/stm32l0xx_ll_rcc.o
                                      0x616a5 (size before relaxing)
 .debug_str     0x0000000000072712      0x750 Drivers/STM32L0xx_HAL_Driver/Src/stm32l0xx_ll_spi.o
                                      0x62414 (size before relaxing)
 .debug_str     0x0000000000072e62      0xd67 Drivers/STM32L0xx_HAL_Driver/Src/stm32l0xx_ll_utils.o
                                      0x62e34 (size before relaxing)

.comment        0x0000000000000000       0x7b
 .comment       0x0000000000000000       0x7b Core/Src/bme280.o
                                         0x7c (size before relaxing)
 .comment       0x000000000000007b       0x7c Core/Src/lorawan.o
 .comment       0x000000000000007b       0x7c Core/Src/main.o
 .comment       0x000000000000007b       0x7c Core/Src/rfm95.o
 .comment       0x000000000000007b       0x7c Core/Src/stm32l0xx_hal_msp.o
 .comment       0x000000000000007b       0x7c Core/Src/stm32l0xx_it.o
 .comment       0x000000000000007b       0x7c Core/Src/system_stm32l0xx.o
 .comment       0x000000000000007b       0x7c Drivers/STM32L0xx_HAL_Driver/Src/stm32l0xx_hal.o
 .comment       0x000000000000007b       0x7c Drivers/STM32L0xx_HAL_Driver/Src/stm32l0xx_hal_cortex.o
 .comment       0x000000000000007b       0x7c Drivers/STM32L0xx_HAL_Driver/Src/stm32l0xx_hal_rtc.o
 .comment       0x000000000000007b       0x7c Drivers/STM32L0xx_HAL_Driver/Src/stm32l0xx_hal_rtc_ex.o
 .comment       0x000000000000007b       0x7c Drivers/STM32L0xx_HAL_Driver/Src/stm32l0xx_ll_adc.o
 .comment       0x000000000000007b       0x7c Drivers/STM32L0xx_HAL_Driver/Src/stm32l0xx_ll_gpio.o
 .comment       0x000000000000007b       0x7c Drivers/STM32L0xx_HAL_Driver/Src/stm32l0xx_ll_lpuart.o
 .comment       0x000000000000007b       0x7c Drivers/STM32L0xx_HAL_Driver/Src/stm32l0xx_ll_rcc.o
 .comment       0x000000000000007b       0x7c Drivers/STM32L0xx_HAL_Driver/Src/stm32l0xx_ll_spi.o
 .comment       0x000000000000007b       0x7c Drivers/STM32L0xx_HAL_Driver/Src/stm32l0xx_ll_utils.o

.debug_frame    0x0000000000000000     0x2d20
 .debug_frame   0x0000000000000000      0x47c Core/Src/bme280.o
 .debug_frame   0x000000000000047c      0x1e8 Core/Src/lorawan.o
 .debug_frame   0x0000000000000664      0x91c Core/Src/main.o
 .debug_frame   0x0000000000000f80       0xf8 Core/Src/rfm95.o
 .debug_frame   0x0000000000001078       0x6c Core/Src/stm32l0xx_hal_msp.o
 .debug_frame   0x00000000000010e4       0xb8 Core/Src/stm32l0xx_it.o
 .debug_frame   0x000000000000119c       0x4c Core/Src/system_stm32l0xx.o
 .debug_frame   0x00000000000011e8      0x394 Drivers/STM32L0xx_HAL_Driver/Src/stm32l0xx_hal.o
 .debug_frame   0x000000000000157c      0x2a0 Drivers/STM32L0xx_HAL_Driver/Src/stm32l0xx_hal_cortex.o
 .debug_frame   0x000000000000181c      0x290 Drivers/STM32L0xx_HAL_Driver/Src/stm32l0xx_hal_rtc.o
 .debug_frame   0x0000000000001aac      0x430 Drivers/STM32L0xx_HAL_Driver/Src/stm32l0xx_hal_rtc_ex.o
 .debug_frame   0x0000000000001edc      0x250 Drivers/STM32L0xx_HAL_Driver/Src/stm32l0xx_ll_adc.o
 .debug_frame   0x000000000000212c      0x170 Drivers/STM32L0xx_HAL_Driver/Src/stm32l0xx_ll_gpio.o
 .debug_frame   0x000000000000229c      0x134 Drivers/STM32L0xx_HAL_Driver/Src/stm32l0xx_ll_lpuart.o
 .debug_frame   0x00000000000023d0      0x42c Drivers/STM32L0xx_HAL_Driver/Src/stm32l0xx_ll_rcc.o
 .debug_frame   0x00000000000027fc       0xf0 Drivers/STM32L0xx_HAL_Driver/Src/stm32l0xx_ll_spi.o
 .debug_frame   0x00000000000028ec      0x344 Drivers/STM32L0xx_HAL_Driver/Src/stm32l0xx_ll_utils.o
 .debug_frame   0x0000000000002c30       0x2c c:/st/stm32cubeide_1.4.0/stm32cubeide/plugins/com.st.stm32cube.ide.mcu.externaltools.gnu-tools-for-stm32.7-2018-q2-update.win32_1.4.0.202007081208/tools/bin/../lib/gcc/arm-none-eabi/7.3.1/../../../../arm-none-eabi/lib/thumb/v6-m\libc_nano.a(lib_a-init.o)
 .debug_frame   0x0000000000002c5c       0x28 c:/st/stm32cubeide_1.4.0/stm32cubeide/plugins/com.st.stm32cube.ide.mcu.externaltools.gnu-tools-for-stm32.7-2018-q2-update.win32_1.4.0.202007081208/tools/bin/../lib/gcc/arm-none-eabi/7.3.1/../../../../arm-none-eabi/lib/thumb/v6-m\libc_nano.a(lib_a-memcpy-stub.o)
 .debug_frame   0x0000000000002c84       0x20 c:/st/stm32cubeide_1.4.0/stm32cubeide/plugins/com.st.stm32cube.ide.mcu.externaltools.gnu-tools-for-stm32.7-2018-q2-update.win32_1.4.0.202007081208/tools/bin/../lib/gcc/arm-none-eabi/7.3.1/../../../../arm-none-eabi/lib/thumb/v6-m\libc_nano.a(lib_a-memset.o)
 .debug_frame   0x0000000000002ca4       0x20 c:/st/stm32cubeide_1.4.0/stm32cubeide/plugins/com.st.stm32cube.ide.mcu.externaltools.gnu-tools-for-stm32.7-2018-q2-update.win32_1.4.0.202007081208/tools/bin/../lib/gcc/arm-none-eabi/7.3.1/thumb/v6-m\libgcc.a(_udivsi3.o)
 .debug_frame   0x0000000000002cc4       0x20 c:/st/stm32cubeide_1.4.0/stm32cubeide/plugins/com.st.stm32cube.ide.mcu.externaltools.gnu-tools-for-stm32.7-2018-q2-update.win32_1.4.0.202007081208/tools/bin/../lib/gcc/arm-none-eabi/7.3.1/thumb/v6-m\libgcc.a(_divsi3.o)
 .debug_frame   0x0000000000002ce4       0x3c c:/st/stm32cubeide_1.4.0/stm32cubeide/plugins/com.st.stm32cube.ide.mcu.externaltools.gnu-tools-for-stm32.7-2018-q2-update.win32_1.4.0.202007081208/tools/bin/../lib/gcc/arm-none-eabi/7.3.1/thumb/v6-m\libgcc.a(_udivmoddi4.o)
