bme280.c:355:8:bme280_init	32	static
bme280.c:407:8:bme280_get_regs	48	static
bme280.c:440:8:bme280_set_regs	72	static
bme280.c:509:8:bme280_set_sensor_settings	32	static
bme280.c:552:8:bme280_get_sensor_settings	32	static
bme280.c:576:8:bme280_set_sensor_mode	32	static
bme280.c:608:8:bme280_get_sensor_mode	32	static
bme280.c:629:8:bme280_soft_reset	32	static
bme280.c:674:8:bme280_get_sensor_data	64	static
bme280.c:713:6:bme280_parse_sensor_data	32	static
bme280.c:743:8:bme280_compensate_data	40	static
bme280.c:786:10:bme280_cal_meas_delay	32	static
bme280.c:836:15:set_osr_settings	40	static
bme280.c:857:15:set_osr_humidity_settings	32	static
bme280.c:889:15:set_osr_press_temp_settings	40	static
bme280.c:920:15:set_filter_standby_settings	40	static
bme280.c:951:13:fill_filter_settings	16	static
bme280.c:960:13:fill_standby_settings	16	static
bme280.c:969:13:fill_osr_press_settings	16	static
bme280.c:978:13:fill_osr_temp_settings	16	static
bme280.c:988:13:parse_device_settings	16	static
bme280.c:1000:15:write_power_mode	32	static
bme280.c:1026:15:put_device_to_sleep	40	static
bme280.c:1050:15:reload_device_settings	32	static
bme280.c:1069:15:compensate_temperature	64	static
bme280.c:1099:15:compensate_pressure	72	static
bme280.c:1146:15:compensate_humidity	96	static
bme280.c:1368:15:get_calib_data	64	static
bme280.c:1404:13:interleave_reg_addr	32	static
bme280.c:1419:13:parse_temp_press_calib_data	24	static
bme280.c:1442:13:parse_humidity_calib_data	40	static
bme280.c:1465:16:are_settings_changed	24	static
bme280.c:1487:15:null_ptr_check	24	static
