core_cm0plus.h:745:22:NVIC_EnableIRQ	16	static
core_cm0plus.h:804:22:NVIC_SetPriority	24	static
stm32l0xx_ll_adc.h:1735:22:LL_ADC_SetCommonFrequencyMode	16	static
stm32l0xx_ll_adc.h:1794:22:LL_ADC_SetCommonPathInternalCh	16	static
stm32l0xx_ll_adc.h:2151:22:LL_ADC_SetSamplingTimeCommonChannels	16	static
stm32l0xx_ll_adc.h:2339:22:LL_ADC_REG_SetSequencerScanDirection	16	static
stm32l0xx_ll_adc.h:2545:22:LL_ADC_REG_SetSequencerChAdd	16	static
stm32l0xx_ll_adc.h:3135:22:LL_ADC_SetOverSamplingScope	16	static
stm32l0xx_ll_adc.h:3303:22:LL_ADC_EnableInternalRegulator	16	static
stm32l0xx_ll_adc.h:3877:22:LL_ADC_DisableIT_EOC	16	static
stm32l0xx_ll_adc.h:3888:22:LL_ADC_DisableIT_EOS	16	static
stm32l0xx_ll_spi.h:366:22:LL_SPI_SetStandard	16	static
stm32l0xx_ll_gpio.h:873:22:LL_GPIO_ResetOutputPin	16	static
stm32l0xx_ll_bus.h:440:22:LL_APB1_GRP1_EnableClock	24	static
stm32l0xx_ll_bus.h:786:22:LL_APB2_GRP1_EnableClock	24	static
stm32l0xx_ll_bus.h:987:22:LL_IOP_GRP1_EnableClock	24	static
main.c:107:5:main	8	static
main.c:154:6:SystemClock_Config	112	static
main.c:203:13:MX_ADC_Init	56	static
main.c:272:13:MX_LPUART1_UART_Init	64	static
main.c:328:13:MX_RTC_Init	8	static
main.c:369:13:MX_SPI1_Init	80	static
main.c:440:13:MX_GPIO_Init	32	static
main.c:503:6:Error_Handler	8	static
