stm32l0xx_ll_adc.h:1735:22:LL_ADC_SetCommonFrequencyMode	16	static
stm32l0xx_ll_adc.h:1794:22:LL_ADC_SetCommonPathInternalCh	16	static
stm32l0xx_ll_adc.h:2151:22:LL_ADC_SetSamplingTimeCommonChannels	16	static
stm32l0xx_ll_adc.h:2339:22:LL_ADC_REG_SetSequencerScanDirection	16	static
stm32l0xx_ll_adc.h:2545:22:LL_ADC_REG_SetSequencerChAdd	16	static
stm32l0xx_ll_adc.h:3135:22:LL_ADC_SetOverSamplingScope	16	static
stm32l0xx_ll_adc.h:3303:22:LL_ADC_EnableInternalRegulator	16	static
stm32l0xx_ll_adc.h:3354:22:LL_ADC_Enable	16	static
stm32l0xx_ll_adc.h:3374:22:LL_ADC_Disable	16	static
stm32l0xx_ll_adc.h:3481:22:LL_ADC_REG_StartConversion	16	static
stm32l0xx_ll_adc.h:3557:26:LL_ADC_REG_ReadConversionData12	16	static
stm32l0xx_ll_adc.h:3624:26:LL_ADC_IsActiveFlag_ADRDY	16	static
stm32l0xx_ll_adc.h:3635:26:LL_ADC_IsActiveFlag_EOC	16	static
stm32l0xx_ll_adc.h:3646:26:LL_ADC_IsActiveFlag_EOS	16	static
stm32l0xx_ll_adc.h:3877:22:LL_ADC_DisableIT_EOC	16	static
stm32l0xx_ll_adc.h:3888:22:LL_ADC_DisableIT_EOS	16	static
stm32l0xx_ll_lpuart.h:389:22:LL_LPUART_Enable	16	static
stm32l0xx_ll_lpuart.h:408:22:LL_LPUART_Disable	16	static
stm32l0xx_ll_lpuart.h:1375:26:LL_LPUART_IsActiveFlag_TC	16	static
stm32l0xx_ll_lpuart.h:1386:26:LL_LPUART_IsActiveFlag_TXE	16	static
stm32l0xx_ll_lpuart.h:2088:22:LL_LPUART_TransmitData8	16	static
stm32l0xx_ll_rcc.h:1125:22:LL_RCC_LSI_Enable	8	static
stm32l0xx_ll_rcc.h:1145:26:LL_RCC_LSI_IsReady	8	static
stm32l0xx_ll_rcc.h:1163:22:LL_RCC_MSI_Enable	8	static
stm32l0xx_ll_rcc.h:1183:26:LL_RCC_MSI_IsReady	8	static
stm32l0xx_ll_rcc.h:1201:22:LL_RCC_MSI_SetRange	16	static
stm32l0xx_ll_rcc.h:1242:22:LL_RCC_MSI_SetCalibTrimming	16	static
stm32l0xx_ll_rcc.h:1275:22:LL_RCC_SetSysClkSource	16	static
stm32l0xx_ll_rcc.h:1289:26:LL_RCC_GetSysClkSource	8	static
stm32l0xx_ll_rcc.h:1309:22:LL_RCC_SetAHBPrescaler	16	static
stm32l0xx_ll_rcc.h:1325:22:LL_RCC_SetAPB1Prescaler	16	static
stm32l0xx_ll_rcc.h:1341:22:LL_RCC_SetAPB2Prescaler	16	static
stm32l0xx_ll_rcc.h:1496:22:LL_RCC_SetLPUARTClockSource	16	static
stm32l0xx_ll_rcc.h:1702:22:LL_RCC_SetRTCClockSource	16	static
stm32l0xx_ll_rcc.h:1726:22:LL_RCC_EnableRTC	8	static
stm32l0xx_ll_rcc.h:1756:22:LL_RCC_ForceBackupDomainReset	8	static
stm32l0xx_ll_rcc.h:1766:22:LL_RCC_ReleaseBackupDomainReset	8	static
stm32l0xx_ll_bus.h:440:22:LL_APB1_GRP1_EnableClock	24	static
stm32l0xx_ll_bus.h:786:22:LL_APB2_GRP1_EnableClock	24	static
stm32l0xx_ll_bus.h:987:22:LL_IOP_GRP1_EnableClock	24	static
stm32l0xx_ll_system.h:912:22:LL_FLASH_SetLatency	16	static
stm32l0xx_ll_system.h:924:26:LL_FLASH_GetLatency	8	static
stm32l0xx_ll_pwr.h:272:22:LL_PWR_SetRegulVoltageScaling	16	static
stm32l0xx_ll_pwr.h:295:22:LL_PWR_EnableBkUpAccess	8	static
stm32l0xx_ll_spi.h:298:22:LL_SPI_Enable	16	static
stm32l0xx_ll_spi.h:310:22:LL_SPI_Disable	16	static
stm32l0xx_ll_spi.h:366:22:LL_SPI_SetStandard	16	static
stm32l0xx_ll_spi.h:732:26:LL_SPI_IsActiveFlag_RXNE	16	static
stm32l0xx_ll_spi.h:743:26:LL_SPI_IsActiveFlag_TXE	16	static
stm32l0xx_ll_spi.h:794:26:LL_SPI_IsActiveFlag_BSY	16	static
stm32l0xx_ll_spi.h:1076:25:LL_SPI_ReceiveData8	16	static
stm32l0xx_ll_spi.h:1099:22:LL_SPI_TransmitData8	24	static
stm32l0xx_ll_gpio.h:763:26:LL_GPIO_IsInputPinSet	16	static
stm32l0xx_ll_gpio.h:844:22:LL_GPIO_SetOutputPin	16	static
stm32l0xx_ll_gpio.h:873:22:LL_GPIO_ResetOutputPin	16	static
main.c:99:6:putstr	16	static
main.c:114:6:putul	32	static
main.c:136:6:puthex	24	static
main.c:148:8:duplexSpi	24	static
main.c:175:9:readPin	16	static
main.c:180:10:serialize	24	static
main.c:190:10:getVdda	24	static
main.c:207:6:bme_setup	16	static
main.c:254:5:bme_read	16	static
main.c:268:6:bme_print	16	static
main.c:282:6:rfm_setup	24	static
main.c:320:5:main	16	static
main.c:404:6:SystemClock_Config	8	static
main.c:457:13:MX_ADC_Init	56	static
main.c:522:13:MX_LPUART1_UART_Init	64	static
main.c:578:13:MX_RTC_Init	8	static
main.c:619:13:MX_SPI1_Init	80	static
main.c:690:13:MX_GPIO_Init	32	static
main.c:753:6:Error_Handler	8	static
